Archive member included to satisfy reference by file (symbol)

/home/kapoagaeming/spacemit-image-builder/components/Build/Milk-V-Jupiter/RELEASE_GCC5/RISCV64/MdePkg/Library/UefiDriverEntryPoint/UefiDriverEntryPoint/OUTPUT/UefiDriverEntryPoint.lib(DriverEntryPoint.obj)
                              (_ModuleEntryPoint)
/home/kapoagaeming/spacemit-image-builder/components/Build/Milk-V-Jupiter/RELEASE_GCC5/RISCV64/Silicon/Spacemit/Drivers/I2CMaster/Tlv_Eeprom/TlvEeprom/OUTPUT/TlvEeprom.lib(AutoGen.obj)
                              /home/kapoagaeming/spacemit-image-builder/components/Build/Milk-V-Jupiter/RELEASE_GCC5/RISCV64/MdePkg/Library/UefiDriverEntryPoint/UefiDriverEntryPoint/OUTPUT/UefiDriverEntryPoint.lib(DriverEntryPoint.obj) (gEfiLoadedImageProtocolGuid)
/home/kapoagaeming/spacemit-image-builder/components/Build/Milk-V-Jupiter/RELEASE_GCC5/RISCV64/Silicon/Spacemit/Drivers/I2CMaster/Tlv_Eeprom/TlvEeprom/OUTPUT/TlvEeprom.lib(TlvEeprom.obj)
                              /home/kapoagaeming/spacemit-image-builder/components/Build/Milk-V-Jupiter/RELEASE_GCC5/RISCV64/Silicon/Spacemit/Drivers/I2CMaster/Tlv_Eeprom/TlvEeprom/OUTPUT/TlvEeprom.lib(AutoGen.obj) (TlvEepromDriverEntryPoint)
/home/kapoagaeming/spacemit-image-builder/components/Build/Milk-V-Jupiter/RELEASE_GCC5/RISCV64/MdePkg/Library/BaseLib/BaseLib/OUTPUT/BaseLib.lib(CheckSum.obj)
                              /home/kapoagaeming/spacemit-image-builder/components/Build/Milk-V-Jupiter/RELEASE_GCC5/RISCV64/Silicon/Spacemit/Drivers/I2CMaster/Tlv_Eeprom/TlvEeprom/OUTPUT/TlvEeprom.lib(TlvEeprom.obj) (CalculateCrc32)
/home/kapoagaeming/spacemit-image-builder/components/Build/Milk-V-Jupiter/RELEASE_GCC5/RISCV64/MdePkg/Library/BaseLib/BaseLib/OUTPUT/BaseLib.lib(SwapBytes16.obj)
                              /home/kapoagaeming/spacemit-image-builder/components/Build/Milk-V-Jupiter/RELEASE_GCC5/RISCV64/Silicon/Spacemit/Drivers/I2CMaster/Tlv_Eeprom/TlvEeprom/OUTPUT/TlvEeprom.lib(TlvEeprom.obj) (SwapBytes16)
/home/kapoagaeming/spacemit-image-builder/components/Build/Milk-V-Jupiter/RELEASE_GCC5/RISCV64/MdePkg/Library/BaseLib/BaseLib/OUTPUT/BaseLib.lib(SafeString.obj)
                              /home/kapoagaeming/spacemit-image-builder/components/Build/Milk-V-Jupiter/RELEASE_GCC5/RISCV64/Silicon/Spacemit/Drivers/I2CMaster/Tlv_Eeprom/TlvEeprom/OUTPUT/TlvEeprom.lib(TlvEeprom.obj) (AsciiStrCpyS)
/home/kapoagaeming/spacemit-image-builder/components/Build/Milk-V-Jupiter/RELEASE_GCC5/RISCV64/MdePkg/Library/BaseLib/BaseLib/OUTPUT/BaseLib.lib(String.obj)
                              /home/kapoagaeming/spacemit-image-builder/components/Build/Milk-V-Jupiter/RELEASE_GCC5/RISCV64/MdePkg/Library/BaseLib/BaseLib/OUTPUT/BaseLib.lib(SafeString.obj) (InternalIsDecimalDigitCharacter)
/home/kapoagaeming/spacemit-image-builder/components/Build/Milk-V-Jupiter/RELEASE_GCC5/RISCV64/MdePkg/Library/BaseLib/BaseLib/OUTPUT/BaseLib.lib(SwapBytes32.obj)
                              /home/kapoagaeming/spacemit-image-builder/components/Build/Milk-V-Jupiter/RELEASE_GCC5/RISCV64/MdePkg/Library/BaseLib/BaseLib/OUTPUT/BaseLib.lib(SafeString.obj) (SwapBytes32)
/home/kapoagaeming/spacemit-image-builder/components/Build/Milk-V-Jupiter/RELEASE_GCC5/RISCV64/MdePkg/Library/BaseLib/BaseLib/OUTPUT/BaseLib.lib(RShiftU64.obj)
                              /home/kapoagaeming/spacemit-image-builder/components/Build/Milk-V-Jupiter/RELEASE_GCC5/RISCV64/MdePkg/Library/BaseLib/BaseLib/OUTPUT/BaseLib.lib(SafeString.obj) (RShiftU64)
/home/kapoagaeming/spacemit-image-builder/components/Build/Milk-V-Jupiter/RELEASE_GCC5/RISCV64/MdePkg/Library/BaseLib/BaseLib/OUTPUT/BaseLib.lib(MultU64x32.obj)
                              /home/kapoagaeming/spacemit-image-builder/components/Build/Milk-V-Jupiter/RELEASE_GCC5/RISCV64/MdePkg/Library/BaseLib/BaseLib/OUTPUT/BaseLib.lib(SafeString.obj) (MultU64x32)
/home/kapoagaeming/spacemit-image-builder/components/Build/Milk-V-Jupiter/RELEASE_GCC5/RISCV64/MdePkg/Library/BaseLib/BaseLib/OUTPUT/BaseLib.lib(LShiftU64.obj)
                              /home/kapoagaeming/spacemit-image-builder/components/Build/Milk-V-Jupiter/RELEASE_GCC5/RISCV64/MdePkg/Library/BaseLib/BaseLib/OUTPUT/BaseLib.lib(SafeString.obj) (LShiftU64)
/home/kapoagaeming/spacemit-image-builder/components/Build/Milk-V-Jupiter/RELEASE_GCC5/RISCV64/MdePkg/Library/BaseLib/BaseLib/OUTPUT/BaseLib.lib(DivU64x32.obj)
                              /home/kapoagaeming/spacemit-image-builder/components/Build/Milk-V-Jupiter/RELEASE_GCC5/RISCV64/MdePkg/Library/BaseLib/BaseLib/OUTPUT/BaseLib.lib(SafeString.obj) (DivU64x32)
/home/kapoagaeming/spacemit-image-builder/components/Build/Milk-V-Jupiter/RELEASE_GCC5/RISCV64/MdePkg/Library/BaseLib/BaseLib/OUTPUT/BaseLib.lib(Math64.obj)
                              /home/kapoagaeming/spacemit-image-builder/components/Build/Milk-V-Jupiter/RELEASE_GCC5/RISCV64/MdePkg/Library/BaseLib/BaseLib/OUTPUT/BaseLib.lib(LShiftU64.obj) (InternalMathLShiftU64)
[...]
Memory Configuration

Name             Origin             Length             Attributes
*default*        0x0000000000000000 0xffffffffffffffff

Linker script and memory map

START GROUP
LOAD /home/kapoagaeming/spacemit-image-builder/components/Build/Milk-V-Jupiter/RELEASE_GCC5/RISCV64/Silicon/Spacemit/Drivers/I2CMaster/Tlv_Eeprom/TlvEeprom/OUTPUT/TlvEeprom.lib
LOAD /home/kapoagaeming/spacemit-image-builder/components/Build/Milk-V-Jupiter/RELEASE_GCC5/RISCV64/MdePkg/Library/DxePcdLib/DxePcdLib/OUTPUT/DxePcdLib.lib
LOAD /home/kapoagaeming/spacemit-image-builder/components/Build/Milk-V-Jupiter/RELEASE_GCC5/RISCV64/MdePkg/Library/BaseLib/BaseLib/OUTPUT/BaseLib.lib
LOAD /home/kapoagaeming/spacemit-image-builder/components/Build/Milk-V-Jupiter/RELEASE_GCC5/RISCV64/MdePkg/Library/BaseMemoryLib/BaseMemoryLib/OUTPUT/BaseMemoryLib.lib
LOAD /home/kapoagaeming/spacemit-image-builder/components/Build/Milk-V-Jupiter/RELEASE_GCC5/RISCV64/MdePkg/Library/BaseRiscVSbiLib/BaseRiscVSbiLib/OUTPUT/BaseRiscVSbiLib.lib
LOAD /home/kapoagaeming/spacemit-image-builder/components/Build/Milk-V-Jupiter/RELEASE_GCC5/RISCV64/MdePkg/Library/BaseDebugPrintErrorLevelLib/BaseDebugPrintErrorLevelLib/OUTPUT/BaseDebugPrintErrorLevelLib.lib
LOAD /home/kapoagaeming/spacemit-image-builder/components/Build/Milk-V-Jupiter/RELEASE_GCC5/RISCV64/MdePkg/Library/BaseSerialPortLibRiscVSbiLib/BaseSerialPortLibRiscVSbiLibRam/OUTPUT/BaseSerialPortLibRiscVSbiLibRam.lib
LOAD /home/kapoagaeming/spacemit-image-builder/components/Build/Milk-V-Jupiter/RELEASE_GCC5/RISCV64/MdePkg/Library/BasePrintLib/BasePrintLib/OUTPUT/BasePrintLib.lib
LOAD /home/kapoagaeming/spacemit-image-builder/components/Build/Milk-V-Jupiter/RELEASE_GCC5/RISCV64/MdePkg/Library/BaseDebugLibSerialPort/BaseDebugLibSerialPort/OUTPUT/BaseDebugLibSerialPort.lib
LOAD /home/kapoagaeming/spacemit-image-builder/components/Build/Milk-V-Jupiter/RELEASE_GCC5/RISCV64/MdePkg/Library/UefiBootServicesTableLib/UefiBootServicesTableLib/OUTPUT/UefiBootServicesTableLib.lib
LOAD /home/kapoagaeming/spacemit-image-builder/components/Build/Milk-V-Jupiter/RELEASE_GCC5/RISCV64/MdePkg/Library/UefiMemoryAllocationLib/UefiMemoryAllocationLib/OUTPUT/UefiMemoryAllocationLib.lib
LOAD /home/kapoagaeming/spacemit-image-builder/components/Build/Milk-V-Jupiter/RELEASE_GCC5/RISCV64/MdePkg/Library/RegisterFilterLibNull/RegisterFilterLibNull/OUTPUT/FilterLibNull.lib
LOAD /home/kapoagaeming/spacemit-image-builder/components/Build/Milk-V-Jupiter/RELEASE_GCC5/RISCV64/MdePkg/Library/StackCheckLibNull/StackCheckLibNull/OUTPUT/StackCheckLibNull.lib
LOAD /home/kapoagaeming/spacemit-image-builder/components/Build/Milk-V-Jupiter/RELEASE_GCC5/RISCV64/MdePkg/Library/UefiRuntimeServicesTableLib/UefiRuntimeServicesTableLib/OUTPUT/UefiRuntimeServicesTableLib.lib
LOAD /home/kapoagaeming/spacemit-image-builder/components/Build/Milk-V-Jupiter/RELEASE_GCC5/RISCV64/MdePkg/Library/UefiDevicePathLibDevicePathProtocol/UefiDevicePathLibDevicePathProtocol/OUTPUT/UefiDevicePathLibDevicePathProtocol.lib
LOAD /home/kapoagaeming/spacemit-image-builder/components/Build/Milk-V-Jupiter/RELEASE_GCC5/RISCV64/MdePkg/Library/BaseIoLibIntrinsic/BaseIoLibIntrinsic/OUTPUT/BaseIoLibIntrinsic.lib
LOAD /home/kapoagaeming/spacemit-image-builder/components/Build/Milk-V-Jupiter/RELEASE_GCC5/RISCV64/MdePkg/Library/UefiDriverEntryPoint/UefiDriverEntryPoint/OUTPUT/UefiDriverEntryPoint.lib
LOAD /home/kapoagaeming/spacemit-image-builder/components/Build/Milk-V-Jupiter/RELEASE_GCC5/RISCV64/MdePkg/Library/UefiLib/UefiLib/OUTPUT/UefiLib.lib
END GROUP
                0x0000000000000220                PECOFF_HEADER_SIZE = 0x220
                0x0000000000000220                . = PECOFF_HEADER_SIZE

.gnu.version_d  0x0000000000000220        0x0
 .gnu.version_d
                0x0000000000000220        0x0 /home/kapoagaeming/spacemit-image-builder/components/Build/Milk-V-Jupiter/RELEASE_GCC5/RISCV64/MdePkg/Library/UefiDriverEntryPoint/UefiDriverEntryPoint/OUTPUT/UefiDriverEntryPoint.lib(DriverEntryPoint.obj)

.gnu.version    0x0000000000000220        0x0
 .gnu.version   0x0000000000000220        0x0 /home/kapoagaeming/spacemit-image-builder/components/Build/Milk-V-Jupiter/RELEASE_GCC5/RISCV64/MdePkg/Library/UefiDriverEntryPoint/UefiDriverEntryPoint/OUTPUT/UefiDriverEntryPoint.lib(DriverEntryPoint.obj)

.gnu.version_r  0x0000000000000220        0x0
 .gnu.version_r
                0x0000000000000220        0x0 /home/kapoagaeming/spacemit-image-builder/components/Build/Milk-V-Jupiter/RELEASE_GCC5/RISCV64/MdePkg/Library/UefiDriverEntryPoint/UefiDriverEntryPoint/OUTPUT/UefiDriverEntryPoint.lib(DriverEntryPoint.obj)

.text           0x0000000000001000     0x2a40
 *(.entry)
 *(.text .text.* .stub .gnu.linkonce.t.*)
 .text._DriverUnloadHandler
                0x0000000000001000       0x4a /home/kapoagaeming/spacemit-image-builder/components/Build/Milk-V-Jupiter/RELEASE_GCC5/RISCV64/MdePkg/Library/UefiDriverEntryPoint/UefiDriverEntryPoint/OUTPUT/UefiDriverEntryPoint.lib(DriverEntryPoint.obj)
                0x0000000000001000                _DriverUnloadHandler
 .text._ModuleEntryPoint
                0x000000000000104a       0xc2 /home/kapoagaeming/spacemit-image-builder/components/Build/Milk-V-Jupiter/RELEASE_GCC5/RISCV64/MdePkg/Library/UefiDriverEntryPoint/UefiDriverEntryPoint/OUTPUT/UefiDriverEntryPoint.lib(DriverEntryPoint.obj)
                0x000000000000104a                _ModuleEntryPoint
 .text.ProcessLibraryConstructorList
                0x000000000000110c       0x76 /home/kapoagaeming/spacemit-image-builder/components/Build/Milk-V-Jupiter/RELEASE_GCC5/RISCV64/Silicon/Spacemit/Drivers/I2CMaster/Tlv_Eeprom/TlvEeprom/OUTPUT/TlvEeprom.lib(AutoGen.obj)
                0x000000000000110c                ProcessLibraryConstructorList
 .text.ProcessLibraryDestructorList
                0x0000000000001182       0x1a /home/kapoagaeming/spacemit-image-builder/components/Build/Milk-V-Jupiter/RELEASE_GCC5/RISCV64/Silicon/Spacemit/Drivers/I2CMaster/Tlv_Eeprom/TlvEeprom/OUTPUT/TlvEeprom.lib(AutoGen.obj)
                0x0000000000001182                ProcessLibraryDestructorList
 .text.ProcessModuleEntryPointList
                0x000000000000119c       0x2c /home/kapoagaeming/spacemit-image-builder/components/Build/Milk-V-Jupiter/RELEASE_GCC5/RISCV64/Silicon/Spacemit/Drivers/I2CMaster/Tlv_Eeprom/TlvEeprom/OUTPUT/TlvEeprom.lib(AutoGen.obj)
                0x000000000000119c                ProcessModuleEntryPointList
 .text.ProcessModuleUnloadList
                0x00000000000011c8       0x24 /home/kapoagaeming/spacemit-image-builder/components/Build/Milk-V-Jupiter/RELEASE_GCC5/RISCV64/Silicon/Spacemit/Drivers/I2CMaster/Tlv_Eeprom/TlvEeprom/OUTPUT/TlvEeprom.lib(AutoGen.obj)
                0x00000000000011c8                ProcessModuleUnloadList
 .text.IsValidTlvInfoHeader
                0x00000000000011ec       0x78 /home/kapoagaeming/spacemit-image-builder/components/Build/Milk-V-Jupiter/RELEASE_GCC5/RISCV64/Silicon/Spacemit/Drivers/I2CMaster/Tlv_Eeprom/TlvEeprom/OUTPUT/TlvEeprom.lib(TlvEeprom.obj)
 .text.IsValidTlv
                0x0000000000001264       0x3c /home/kapoagaeming/spacemit-image-builder/components/Build/Milk-V-Jupiter/RELEASE_GCC5/RISCV64/Silicon/Spacemit/Drivers/I2CMaster/Tlv_Eeprom/TlvEeprom/OUTPUT/TlvEeprom.lib(TlvEeprom.obj)
 .text.ReadTlvFromStorage
                0x00000000000012a0       0x5e /home/kapoagaeming/spacemit-image-builder/components/Build/Milk-V-Jupiter/RELEASE_GCC5/RISCV64/Silicon/Spacemit/Drivers/I2CMaster/Tlv_Eeprom/TlvEeprom/OUTPUT/TlvEeprom.lib(TlvEeprom.obj)
 .text.WriteTlvToStorage
                0x00000000000012fe       0x5e /home/kapoagaeming/spacemit-image-builder/components/Build/Milk-V-Jupiter/RELEASE_GCC5/RISCV64/Silicon/Spacemit/Drivers/I2CMaster/Tlv_Eeprom/TlvEeprom/OUTPUT/TlvEeprom.lib(TlvEeprom.obj)
 .text.IsChecksumValid
                0x000000000000135c      0x110 /home/kapoagaeming/spacemit-image-builder/components/Build/Milk-V-Jupiter/RELEASE_GCC5/RISCV64/Silicon/Spacemit/Drivers/I2CMaster/Tlv_Eeprom/TlvEeprom/OUTPUT/TlvEeprom.lib(TlvEeprom.obj)
 .text.UpdateCrc
                0x000000000000146c      0x168 /home/kapoagaeming/spacemit-image-builder/components/Build/Milk-V-Jupiter/RELEASE_GCC5/RISCV64/Silicon/Spacemit/Drivers/I2CMaster/Tlv_Eeprom/TlvEeprom/OUTPUT/TlvEeprom.lib(TlvEeprom.obj)
 .text.TlvInfoFindTlv
                0x00000000000015d4       0xd6 /home/kapoagaeming/spacemit-image-builder/components/Build/Milk-V-Jupiter/RELEASE_GCC5/RISCV64/Silicon/Spacemit/Drivers/I2CMaster/Tlv_Eeprom/TlvEeprom/OUTPUT/TlvEeprom.lib(TlvEeprom.obj)
                0x00000000000015d4                TlvInfoFindTlv
 .text.ReadTlvInfo
                0x00000000000016aa       0xea /home/kapoagaeming/spacemit-image-builder/components/Build/Milk-V-Jupiter/RELEASE_GCC5/RISCV64/Silicon/Spacemit/Drivers/I2CMaster/Tlv_Eeprom/TlvEeprom/OUTPUT/TlvEeprom.lib(TlvEeprom.obj)
 .text.InitializeTlvInfo
                0x0000000000001794       0x90 /home/kapoagaeming/spacemit-image-builder/components/Build/Milk-V-Jupiter/RELEASE_GCC5/RISCV64/Silicon/Spacemit/Drivers/I2CMaster/Tlv_Eeprom/TlvEeprom/OUTPUT/TlvEeprom.lib(TlvEeprom.obj)
 .text.SetBytes
                0x0000000000001824      0x292 /home/kapoagaeming/spacemit-image-builder/components/Build/Milk-V-Jupiter/RELEASE_GCC5/RISCV64/Silicon/Spacemit/Drivers/I2CMaster/Tlv_Eeprom/TlvEeprom/OUTPUT/TlvEeprom.lib(TlvEeprom.obj)
 .text.GetTlvInfo
                0x0000000000001ab6      0x106 /home/kapoagaeming/spacemit-image-builder/components/Build/Milk-V-Jupiter/RELEASE_GCC5/RISCV64/Silicon/Spacemit/Drivers/I2CMaster/Tlv_Eeprom/TlvEeprom/OUTPUT/TlvEeprom.lib(TlvEeprom.obj)
                0x0000000000001ab6                GetTlvInfo
 .text.SetTlvInfo
                0x0000000000001bbc       0xee /home/kapoagaeming/spacemit-image-builder/components/Build/Milk-V-Jupiter/RELEASE_GCC5/RISCV64/Silicon/Spacemit/Drivers/I2CMaster/Tlv_Eeprom/TlvEeprom/OUTPUT/TlvEeprom.lib(TlvEeprom.obj)
                0x0000000000001bbc                SetTlvInfo
 .text.FlushTlvInfo
                0x0000000000001caa       0xc8 /home/kapoagaeming/spacemit-image-builder/components/Build/Milk-V-Jupiter/RELEASE_GCC5/RISCV64/Silicon/Spacemit/Drivers/I2CMaster/Tlv_Eeprom/TlvEeprom/OUTPUT/TlvEeprom.lib(TlvEeprom.obj)
                0x0000000000001caa                FlushTlvInfo
 .text.ClearTlvInfo
                0x0000000000001d72       0x66 /home/kapoagaeming/spacemit-image-builder/components/Build/Milk-V-Jupiter/RELEASE_GCC5/RISCV64/Silicon/Spacemit/Drivers/I2CMaster/Tlv_Eeprom/TlvEeprom/OUTPUT/TlvEeprom.lib(TlvEeprom.obj)
                0x0000000000001d72                ClearTlvInfo
 .text.ShowTlvInfo
                0x0000000000001dd8      0x1a4 /home/kapoagaeming/spacemit-image-builder/components/Build/Milk-V-Jupiter/RELEASE_GCC5/RISCV64/Silicon/Spacemit/Drivers/I2CMaster/Tlv_Eeprom/TlvEeprom/OUTPUT/TlvEeprom.lib(TlvEeprom.obj)
                0x0000000000001dd8                ShowTlvInfo
 .text.DumpTlvInfo
                0x0000000000001f7c       0xd4 /home/kapoagaeming/spacemit-image-builder/components/Build/Milk-V-Jupiter/RELEASE_GCC5/RISCV64/Silicon/Spacemit/Drivers/I2CMaster/Tlv_Eeprom/TlvEeprom/OUTPUT/TlvEeprom.lib(TlvEeprom.obj)
                0x0000000000001f7c                DumpTlvInfo
 .text.SetProductNameToEnvVar
                0x0000000000002050       0xc6 /home/kapoagaeming/spacemit-image-builder/components/Build/Milk-V-Jupiter/RELEASE_GCC5/RISCV64/Silicon/Spacemit/Drivers/I2CMaster/Tlv_Eeprom/TlvEeprom/OUTPUT/TlvEeprom.lib(TlvEeprom.obj)
                0x0000000000002050                SetProductNameToEnvVar
 .text.TlvEepromDriverEntryPoint
                0x0000000000002116      0x140 /home/kapoagaeming/spacemit-image-builder/components/Build/Milk-V-Jupiter/RELEASE_GCC5/RISCV64/Silicon/Spacemit/Drivers/I2CMaster/Tlv_Eeprom/TlvEeprom/OUTPUT/TlvEeprom.lib(TlvEeprom.obj)
                0x0000000000002116                TlvEepromDriverEntryPoint
 .text.TlvEepromDriverUnload
                0x0000000000002256       0xb2 /home/kapoagaeming/spacemit-image-builder/components/Build/Milk-V-Jupiter/RELEASE_GCC5/RISCV64/Silicon/Spacemit/Drivers/I2CMaster/Tlv_Eeprom/TlvEeprom/OUTPUT/TlvEeprom.lib(TlvEeprom.obj)
                0x0000000000002256                TlvEepromDriverUnload
 .text.CalculateCrc32
                0x0000000000002308       0x92 /home/kapoagaeming/spacemit-image-builder/components/Build/Milk-V-Jupiter/RELEASE_GCC5/RISCV64/MdePkg/Library/BaseLib/BaseLib/OUTPUT/BaseLib.lib(CheckSum.obj)
                0x0000000000002308                CalculateCrc32
 .text.SwapBytes16
                0x000000000000239a       0x4a /home/kapoagaeming/spacemit-image-builder/components/Build/Milk-V-Jupiter/RELEASE_GCC5/RISCV64/MdePkg/Library/BaseLib/BaseLib/OUTPUT/BaseLib.lib(SwapBytes16.obj)
                0x000000000000239a                SwapBytes16
 .text.InternalSafeStringIsOverlap
                0x00000000000023e4       0x64 /home/kapoagaeming/spacemit-image-builder/components/Build/Milk-V-Jupiter/RELEASE_GCC5/RISCV64/MdePkg/Library/BaseLib/BaseLib/OUTPUT/BaseLib.lib(SafeString.obj)
                0x00000000000023e4                InternalSafeStringIsOverlap
 .text.InternalSafeStringNoAsciiStrOverlap
                0x0000000000002448       0x46 /home/kapoagaeming/spacemit-image-builder/components/Build/Milk-V-Jupiter/RELEASE_GCC5/RISCV64/MdePkg/Library/BaseLib/BaseLib/OUTPUT/BaseLib.lib(SafeString.obj)
                0x0000000000002448                InternalSafeStringNoAsciiStrOverlap
 .text.AsciiStrnLenS
                0x000000000000248e       0x62 /home/kapoagaeming/spacemit-image-builder/components/Build/Milk-V-Jupiter/RELEASE_GCC5/RISCV64/MdePkg/Library/BaseLib/BaseLib/OUTPUT/BaseLib.lib(SafeString.obj)
                0x000000000000248e                AsciiStrnLenS
 .text.AsciiStrCpyS
                0x00000000000024f0       0xf6 /home/kapoagaeming/spacemit-image-builder/components/Build/Milk-V-Jupiter/RELEASE_GCC5/RISCV64/MdePkg/Library/BaseLib/BaseLib/OUTPUT/BaseLib.lib(SafeString.obj)
                0x00000000000024f0                AsciiStrCpyS
 .text.AsciiStrnCpyS
                0x00000000000025e6      0x154 /home/kapoagaeming/spacemit-image-builder/components/Build/Milk-V-Jupiter/RELEASE_GCC5/RISCV64/MdePkg/Library/BaseLib/BaseLib/OUTPUT/BaseLib.lib(SafeString.obj)
                0x00000000000025e6                AsciiStrnCpyS
 .text.AsciiStrLen
                0x000000000000273a       0x3e /home/kapoagaeming/spacemit-image-builder/components/Build/Milk-V-Jupiter/RELEASE_GCC5/RISCV64/MdePkg/Library/BaseLib/BaseLib/OUTPUT/BaseLib.lib(String.obj)
                0x000000000000273a                AsciiStrLen
 .text.AsciiStrnCmp
                0x0000000000002778       0x94 /home/kapoagaeming/spacemit-image-builder/components/Build/Milk-V-Jupiter/RELEASE_GCC5/RISCV64/MdePkg/Library/BaseLib/BaseLib/OUTPUT/BaseLib.lib(String.obj)
                0x0000000000002778                AsciiStrnCmp
 .text.LShiftU64
                0x000000000000280c       0x2c /home/kapoagaeming/spacemit-image-builder/components/Build/Milk-V-Jupiter/RELEASE_GCC5/RISCV64/MdePkg/Library/BaseLib/BaseLib/OUTPUT/BaseLib.lib(LShiftU64.obj)
                0x000000000000280c                LShiftU64
 .text.InternalMathLShiftU64
                0x0000000000002838       0x2a /home/kapoagaeming/spacemit-image-builder/components/Build/Milk-V-Jupiter/RELEASE_GCC5/RISCV64/MdePkg/Library/BaseLib/BaseLib/OUTPUT/BaseLib.lib(Math64.obj)
                0x0000000000002838                InternalMathLShiftU64
 .text.ZeroMem  0x0000000000002862       0x38 /home/kapoagaeming/spacemit-image-builder/components/Build/Milk-V-Jupiter/RELEASE_GCC5/RISCV64/MdePkg/Library/BaseMemoryLib/BaseMemoryLib/OUTPUT/BaseMemoryLib.lib(ZeroMemWrapper.obj)
                0x0000000000002862                ZeroMem
 .text.CopyMem  0x000000000000289a       0x52 /home/kapoagaeming/spacemit-image-builder/components/Build/Milk-V-Jupiter/RELEASE_GCC5/RISCV64/MdePkg/Library/BaseMemoryLib/BaseMemoryLib/OUTPUT/BaseMemoryLib.lib(CopyMemWrapper.obj)
                0x000000000000289a                CopyMem
 .text.InternalMemZeroMem
                0x00000000000028ec       0x2e /home/kapoagaeming/spacemit-image-builder/components/Build/Milk-V-Jupiter/RELEASE_GCC5/RISCV64/MdePkg/Library/BaseMemoryLib/BaseMemoryLib/OUTPUT/BaseMemoryLib.lib(MemLibGeneric.obj)
                0x00000000000028ec                InternalMemZeroMem
 .text.InternalMemCopyMem
                0x000000000000291a      0x3c4 /home/kapoagaeming/spacemit-image-builder/components/Build/Milk-V-Jupiter/RELEASE_GCC5/RISCV64/MdePkg/Library/BaseMemoryLib/BaseMemoryLib/OUTPUT/BaseMemoryLib.lib(CopyMem.obj)
                0x000000000000291a                InternalMemCopyMem
 .text.InternalMemSetMem
                0x0000000000002cde      0x176 /home/kapoagaeming/spacemit-image-builder/components/Build/Milk-V-Jupiter/RELEASE_GCC5/RISCV64/MdePkg/Library/BaseMemoryLib/BaseMemoryLib/OUTPUT/BaseMemoryLib.lib(SetMem.obj)
                0x0000000000002cde                InternalMemSetMem
 .text.BaseDebugLibSerialPortConstructor
                0x0000000000002e54       0x1c /home/kapoagaeming/spacemit-image-builder/components/Build/Milk-V-Jupiter/RELEASE_GCC5/RISCV64/MdePkg/Library/BaseDebugLibSerialPort/BaseDebugLibSerialPort/OUTPUT/BaseDebugLibSerialPort.lib(DebugLib.obj)
                0x0000000000002e54                BaseDebugLibSerialPortConstructor
 .text.UefiBootServicesTableLibConstructor
                0x0000000000002e70       0x48 /home/kapoagaeming/spacemit-image-builder/components/Build/Milk-V-Jupiter/RELEASE_GCC5/RISCV64/MdePkg/Library/UefiBootServicesTableLib/UefiBootServicesTableLib/OUTPUT/UefiBootServicesTableLib.lib(UefiBootServicesTableLib.obj)
                0x0000000000002e70                UefiBootServicesTableLibConstructor
 .text.InternalAllocatePool
                0x0000000000002eb8       0x4e /home/kapoagaeming/spacemit-image-builder/components/Build/Milk-V-Jupiter/RELEASE_GCC5/RISCV64/MdePkg/Library/UefiMemoryAllocationLib/UefiMemoryAllocationLib/OUTPUT/UefiMemoryAllocationLib.lib(MemoryAllocationLib.obj)
                0x0000000000002eb8                InternalAllocatePool
 .text.InternalAllocateZeroPool
                0x0000000000002f06       0x50 /home/kapoagaeming/spacemit-image-builder/components/Build/Milk-V-Jupiter/RELEASE_GCC5/RISCV64/MdePkg/Library/UefiMemoryAllocationLib/UefiMemoryAllocationLib/OUTPUT/UefiMemoryAllocationLib.lib(MemoryAllocationLib.obj)
                0x0000000000002f06                InternalAllocateZeroPool
 .text.AllocateZeroPool
                0x0000000000002f56       0x26 /home/kapoagaeming/spacemit-image-builder/components/Build/Milk-V-Jupiter/RELEASE_GCC5/RISCV64/MdePkg/Library/UefiMemoryAllocationLib/UefiMemoryAllocationLib/OUTPUT/UefiMemoryAllocationLib.lib(MemoryAllocationLib.obj)
                0x0000000000002f56                AllocateZeroPool
 .text.FreePool
                0x0000000000002f7c       0x2c /home/kapoagaeming/spacemit-image-builder/components/Build/Milk-V-Jupiter/RELEASE_GCC5/RISCV64/MdePkg/Library/UefiMemoryAllocationLib/UefiMemoryAllocationLib/OUTPUT/UefiMemoryAllocationLib.lib(MemoryAllocationLib.obj)
                0x0000000000002f7c                FreePool
 .text.UefiRuntimeServicesTableLibConstructor
                0x0000000000002fa8       0x2c /home/kapoagaeming/spacemit-image-builder/components/Build/Milk-V-Jupiter/RELEASE_GCC5/RISCV64/MdePkg/Library/UefiRuntimeServicesTableLib/UefiRuntimeServicesTableLib/OUTPUT/UefiRuntimeServicesTableLib.lib(UefiRuntimeServicesTableLib.obj)
                0x0000000000002fa8                UefiRuntimeServicesTableLibConstructor
 .text.DevicePathLibConstructor
                0x0000000000002fd4       0x44 /home/kapoagaeming/spacemit-image-builder/components/Build/Milk-V-Jupiter/RELEASE_GCC5/RISCV64/MdePkg/Library/UefiDevicePathLibDevicePathProtocol/UefiDevicePathLibDevicePathProtocol/OUTPUT/UefiDevicePathLibDevicePathProtocol.lib(UefiDevicePathLib.obj)
                0x0000000000002fd4                DevicePathLibConstructor
 .text.UefiLibConstructor
                0x0000000000003018       0x1c /home/kapoagaeming/spacemit-image-builder/components/Build/Milk-V-Jupiter/RELEASE_GCC5/RISCV64/MdePkg/Library/UefiLib/UefiLib/OUTPUT/UefiLib.lib(UefiLib.obj)
                0x0000000000003018                UefiLibConstructor
 .text.SbiImplementsLegacyGetchar
                0x0000000000003034       0x4c /home/kapoagaeming/spacemit-image-builder/components/Build/Milk-V-Jupiter/RELEASE_GCC5/RISCV64/MdePkg/Library/BaseSerialPortLibRiscVSbiLib/BaseSerialPortLibRiscVSbiLibRam/OUTPUT/BaseSerialPortLibRiscVSbiLibRam.lib(BaseSerialPortLibRiscVSbiLibRam.obj)
 .text.SerialPortInitialize
                0x0000000000003080       0x8a /home/kapoagaeming/spacemit-image-builder/components/Build/Milk-V-Jupiter/RELEASE_GCC5/RISCV64/MdePkg/Library/BaseSerialPortLibRiscVSbiLib/BaseSerialPortLibRiscVSbiLibRam/OUTPUT/BaseSerialPortLibRiscVSbiLibRam.lib(BaseSerialPortLibRiscVSbiLibRam.obj)
                0x0000000000003080                SerialPortInitialize
 .text.SbiImplementsDbcn
                0x000000000000310a       0x52 /home/kapoagaeming/spacemit-image-builder/components/Build/Milk-V-Jupiter/RELEASE_GCC5/RISCV64/MdePkg/Library/BaseSerialPortLibRiscVSbiLib/BaseSerialPortLibRiscVSbiLibRam/OUTPUT/BaseSerialPortLibRiscVSbiLibRam.lib(Common.obj)
                0x000000000000310a                SbiImplementsDbcn
 .text.SbiImplementsLegacyPutchar
                0x000000000000315c       0x4c /home/kapoagaeming/spacemit-image-builder/components/Build/Milk-V-Jupiter/RELEASE_GCC5/RISCV64/MdePkg/Library/BaseSerialPortLibRiscVSbiLib/BaseSerialPortLibRiscVSbiLibRam/OUTPUT/BaseSerialPortLibRiscVSbiLibRam.lib(Common.obj)
                0x000000000000315c                SbiImplementsLegacyPutchar
 .text.SbiCall  0x00000000000031a8      0x124 /home/kapoagaeming/spacemit-image-builder/components/Build/Milk-V-Jupiter/RELEASE_GCC5/RISCV64/MdePkg/Library/BaseRiscVSbiLib/BaseRiscVSbiLib/OUTPUT/BaseRiscVSbiLib.lib(BaseRiscVSbiLib.obj)
                0x00000000000031a8                SbiCall
 .text.TranslateError
                0x00000000000032cc       0xbc /home/kapoagaeming/spacemit-image-builder/components/Build/Milk-V-Jupiter/RELEASE_GCC5/RISCV64/MdePkg/Library/BaseRiscVSbiLib/BaseRiscVSbiLib/OUTPUT/BaseRiscVSbiLib.lib(BaseRiscVSbiLib.obj)
                0x00000000000032cc                TranslateError
 .text.RiscVSbiEcall
                0x0000000000003388       0x16 /home/kapoagaeming/spacemit-image-builder/components/Build/Milk-V-Jupiter/RELEASE_GCC5/RISCV64/MdePkg/Library/BaseRiscVSbiLib/BaseRiscVSbiLib/OUTPUT/BaseRiscVSbiLib.lib(RiscVSbiEcall.obj)
                0x0000000000003388                RiscVSbiEcall
 *(.rodata .rodata.* .gnu.linkonce.r.*)
 *fill*         0x000000000000339e        0x2 
 .rodata._gPcd_FixedAtBuild_PcdMaximumAsciiStringLength
                0x00000000000033a0        0x4 /home/kapoagaeming/spacemit-image-builder/components/Build/Milk-V-Jupiter/RELEASE_GCC5/RISCV64/Silicon/Spacemit/Drivers/I2CMaster/Tlv_Eeprom/TlvEeprom/OUTPUT/TlvEeprom.lib(AutoGen.obj)
                0x00000000000033a0                _gPcd_FixedAtBuild_PcdMaximumAsciiStringLength
 .rodata._gUefiDriverRevision
                0x00000000000033a4        0x4 /home/kapoagaeming/spacemit-image-builder/components/Build/Milk-V-Jupiter/RELEASE_GCC5/RISCV64/Silicon/Spacemit/Drivers/I2CMaster/Tlv_Eeprom/TlvEeprom/OUTPUT/TlvEeprom.lib(AutoGen.obj)
                0x00000000000033a4                _gUefiDriverRevision
 .rodata._gDriverUnloadImageCount
                0x00000000000033a8        0x1 /home/kapoagaeming/spacemit-image-builder/components/Build/Milk-V-Jupiter/RELEASE_GCC5/RISCV64/Silicon/Spacemit/Drivers/I2CMaster/Tlv_Eeprom/TlvEeprom/OUTPUT/TlvEeprom.lib(AutoGen.obj)
                0x00000000000033a8                _gDriverUnloadImageCount
 *fill*         0x00000000000033a9        0x7 
 .rodata        0x00000000000033b0      0x1ca /home/kapoagaeming/spacemit-image-builder/components/Build/Milk-V-Jupiter/RELEASE_GCC5/RISCV64/Silicon/Spacemit/Drivers/I2CMaster/Tlv_Eeprom/TlvEeprom/OUTPUT/TlvEeprom.lib(TlvEeprom.obj)
 *fill*         0x000000000000357a        0x6 
 .rodata.mCrcTable
                0x0000000000003580      0x400 /home/kapoagaeming/spacemit-image-builder/components/Build/Milk-V-Jupiter/RELEASE_GCC5/RISCV64/MdePkg/Library/BaseLib/BaseLib/OUTPUT/BaseLib.lib(CheckSum.obj)
                0x0000000000003580                mCrcTable
 *(.got .got.*)
 .got           0x0000000000003980       0x60 /home/kapoagaeming/spacemit-image-builder/components/Build/Milk-V-Jupiter/RELEASE_GCC5/RISCV64/MdePkg/Library/UefiDriverEntryPoint/UefiDriverEntryPoint/OUTPUT/UefiDriverEntryPoint.lib(DriverEntryPoint.obj)
                0x0000000000003980                _GLOBAL_OFFSET_TABLE_
 .got.plt       0x00000000000039e0       0x10 /home/kapoagaeming/spacemit-image-builder/components/Build/Milk-V-Jupiter/RELEASE_GCC5/RISCV64/MdePkg/Library/UefiDriverEntryPoint/UefiDriverEntryPoint/OUTPUT/UefiDriverEntryPoint.lib(DriverEntryPoint.obj)
 *:AutoGen.obj(.data.g*Guid)
 .data.gSpacemitProductVariableGuid
                0x00000000000039f0       0x10 /home/kapoagaeming/spacemit-image-builder/components/Build/Milk-V-Jupiter/RELEASE_GCC5/RISCV64/Silicon/Spacemit/Drivers/I2CMaster/Tlv_Eeprom/TlvEeprom/OUTPUT/TlvEeprom.lib(AutoGen.obj)
                0x00000000000039f0                gSpacemitProductVariableGuid
 .data.gSpacemitTlvInfoProtocolGuid
                0x0000000000003a00       0x10 /home/kapoagaeming/spacemit-image-builder/components/Build/Milk-V-Jupiter/RELEASE_GCC5/RISCV64/Silicon/Spacemit/Drivers/I2CMaster/Tlv_Eeprom/TlvEeprom/OUTPUT/TlvEeprom.lib(AutoGen.obj)
                0x0000000000003a00                gSpacemitTlvInfoProtocolGuid
 .data.gSpacemitEepromProtocolGuid
                0x0000000000003a10       0x10 /home/kapoagaeming/spacemit-image-builder/components/Build/Milk-V-Jupiter/RELEASE_GCC5/RISCV64/Silicon/Spacemit/Drivers/I2CMaster/Tlv_Eeprom/TlvEeprom/OUTPUT/TlvEeprom.lib(AutoGen.obj)
                0x0000000000003a10                gSpacemitEepromProtocolGuid
 .data.gEfiDevicePathUtilitiesProtocolGuid
                0x0000000000003a20       0x10 /home/kapoagaeming/spacemit-image-builder/components/Build/Milk-V-Jupiter/RELEASE_GCC5/RISCV64/Silicon/Spacemit/Drivers/I2CMaster/Tlv_Eeprom/TlvEeprom/OUTPUT/TlvEeprom.lib(AutoGen.obj)
                0x0000000000003a20                gEfiDevicePathUtilitiesProtocolGuid
 .data.gEfiLoadedImageProtocolGuid
                0x0000000000003a30       0x10 /home/kapoagaeming/spacemit-image-builder/components/Build/Milk-V-Jupiter/RELEASE_GCC5/RISCV64/Silicon/Spacemit/Drivers/I2CMaster/Tlv_Eeprom/TlvEeprom/OUTPUT/TlvEeprom.lib(AutoGen.obj)
                0x0000000000003a30                gEfiLoadedImageProtocolGuid

.plt            0x0000000000003a40        0x0
 .plt           0x0000000000003a40        0x0 /home/kapoagaeming/spacemit-image-builder/components/Build/Milk-V-Jupiter/RELEASE_GCC5/RISCV64/MdePkg/Library/UefiDriverEntryPoint/UefiDriverEntryPoint/OUTPUT/UefiDriverEntryPoint.lib(DriverEntryPoint.obj)

.data           0x0000000000004000       0x2b
 *(.data .data.* .gnu.linkonce.d.*)
 .data.rel.ro   0x0000000000004000        0x0 /home/kapoagaeming/spacemit-image-builder/components/Build/Milk-V-Jupiter/RELEASE_GCC5/RISCV64/MdePkg/Library/UefiDriverEntryPoint/UefiDriverEntryPoint/OUTPUT/UefiDriverEntryPoint.lib(DriverEntryPoint.obj)
 *(.bss .bss.*)
 .bss.gImageHandle
                0x0000000000004000        0x8 /home/kapoagaeming/spacemit-image-builder/components/Build/Milk-V-Jupiter/RELEASE_GCC5/RISCV64/MdePkg/Library/UefiBootServicesTableLib/UefiBootServicesTableLib/OUTPUT/UefiBootServicesTableLib.lib(UefiBootServicesTableLib.obj)
                0x0000000000004000                gImageHandle
 .bss.gST       0x0000000000004008        0x8 /home/kapoagaeming/spacemit-image-builder/components/Build/Milk-V-Jupiter/RELEASE_GCC5/RISCV64/MdePkg/Library/UefiBootServicesTableLib/UefiBootServicesTableLib/OUTPUT/UefiBootServicesTableLib.lib(UefiBootServicesTableLib.obj)
                0x0000000000004008                gST
 .bss.gBS       0x0000000000004010        0x8 /home/kapoagaeming/spacemit-image-builder/components/Build/Milk-V-Jupiter/RELEASE_GCC5/RISCV64/MdePkg/Library/UefiBootServicesTableLib/UefiBootServicesTableLib/OUTPUT/UefiBootServicesTableLib.lib(UefiBootServicesTableLib.obj)
                0x0000000000004010                gBS
 .bss.gRT       0x0000000000004018        0x8 /home/kapoagaeming/spacemit-image-builder/components/Build/Milk-V-Jupiter/RELEASE_GCC5/RISCV64/MdePkg/Library/UefiRuntimeServicesTableLib/UefiRuntimeServicesTableLib/OUTPUT/UefiRuntimeServicesTableLib.lib(UefiRuntimeServicesTableLib.obj)
                0x0000000000004018                gRT
 .bss.mDevicePathLibDevicePathUtilities
                0x0000000000004020        0x8 /home/kapoagaeming/spacemit-image-builder/components/Build/Milk-V-Jupiter/RELEASE_GCC5/RISCV64/MdePkg/Library/UefiDevicePathLibDevicePathProtocol/UefiDevicePathLibDevicePathProtocol/OUTPUT/UefiDevicePathLibDevicePathProtocol.lib(UefiDevicePathLib.obj)
                0x0000000000004020                mDevicePathLibDevicePathUtilities
 .bss.mHaveDbcn
                0x0000000000004028        0x1 /home/kapoagaeming/spacemit-image-builder/components/Build/Milk-V-Jupiter/RELEASE_GCC5/RISCV64/MdePkg/Library/BaseSerialPortLibRiscVSbiLib/BaseSerialPortLibRiscVSbiLibRam/OUTPUT/BaseSerialPortLibRiscVSbiLibRam.lib(BaseSerialPortLibRiscVSbiLibRam.obj)
 .bss.mHaveLegacyPutchar
                0x0000000000004029        0x1 /home/kapoagaeming/spacemit-image-builder/components/Build/Milk-V-Jupiter/RELEASE_GCC5/RISCV64/MdePkg/Library/BaseSerialPortLibRiscVSbiLib/BaseSerialPortLibRiscVSbiLibRam/OUTPUT/BaseSerialPortLibRiscVSbiLibRam.lib(BaseSerialPortLibRiscVSbiLibRam.obj)
 .bss.mHaveLegacyGetchar
                0x000000000000402a        0x1 /home/kapoagaeming/spacemit-image-builder/components/Build/Milk-V-Jupiter/RELEASE_GCC5/RISCV64/MdePkg/Library/BaseSerialPortLibRiscVSbiLib/BaseSerialPortLibRiscVSbiLibRam/OUTPUT/BaseSerialPortLibRiscVSbiLibRam.lib(BaseSerialPortLibRiscVSbiLibRam.obj)

.eh_frame
 *(.eh_frame)

.dynamic        0x0000000000004030       0xb0
 *(.dynamic)
 .dynamic       0x0000000000004030       0xb0 /home/kapoagaeming/spacemit-image-builder/components/Build/Milk-V-Jupiter/RELEASE_GCC5/RISCV64/MdePkg/Library/UefiDriverEntryPoint/UefiDriverEntryPoint/OUTPUT/UefiDriverEntryPoint.lib(DriverEntryPoint.obj)
                0x0000000000004030                _DYNAMIC

.dynbss         0x00000000000040e0        0x0
 .dynbss        0x00000000000040e0        0x0 /home/kapoagaeming/spacemit-image-builder/components/Build/Milk-V-Jupiter/RELEASE_GCC5/RISCV64/MdePkg/Library/UefiDriverEntryPoint/UefiDriverEntryPoint/OUTPUT/UefiDriverEntryPoint.lib(DriverEntryPoint.obj)

.rela           0x00000000000040e0      0x108
 *(.rela .rela.*)
 .rela.got      0x00000000000040e0      0x108 /home/kapoagaeming/spacemit-image-builder/components/Build/Milk-V-Jupiter/RELEASE_GCC5/RISCV64/MdePkg/Library/UefiDriverEntryPoint/UefiDriverEntryPoint/OUTPUT/UefiDriverEntryPoint.lib(DriverEntryPoint.obj)
 .rela.plt      0x00000000000041e8        0x0 /home/kapoagaeming/spacemit-image-builder/components/Build/Milk-V-Jupiter/RELEASE_GCC5/RISCV64/MdePkg/Library/UefiDriverEntryPoint/UefiDriverEntryPoint/OUTPUT/UefiDriverEntryPoint.lib(DriverEntryPoint.obj)
 .rela.bss      0x00000000000041e8        0x0 /home/kapoagaeming/spacemit-image-builder/components/Build/Milk-V-Jupiter/RELEASE_GCC5/RISCV64/MdePkg/Library/UefiDriverEntryPoint/UefiDriverEntryPoint/OUTPUT/UefiDriverEntryPoint.lib(DriverEntryPoint.obj)
 .rela.data.rel.ro
                0x00000000000041e8        0x0 /home/kapoagaeming/spacemit-image-builder/components/Build/Milk-V-Jupiter/RELEASE_GCC5/RISCV64/MdePkg/Library/UefiDriverEntryPoint/UefiDriverEntryPoint/OUTPUT/UefiDriverEntryPoint.lib(DriverEntryPoint.obj)

.hii
 *(.hii)

.got
 *(.got)
                0x0000000000000001                ASSERT ((SIZEOF (.got) == 0x0), Unexpected GOT entries detected!)

.got.plt
 *(.got.plt)
                0x0000000000000001                ASSERT ((((SIZEOF (.got.plt) == 0x0) || (SIZEOF (.got.plt) == 0xc)) || (SIZEOF (.got.plt) == 0x18)), Unexpected GOT/PLT entries detected!)

.build-id       0x00000000000041e8       0x24
 *(.note.gnu.build-id)
 .note.gnu.build-id
                0x00000000000041e8       0x24 /home/kapoagaeming/spacemit-image-builder/components/Build/Milk-V-Jupiter/RELEASE_GCC5/RISCV64/MdePkg/Library/UefiDriverEntryPoint/UefiDriverEntryPoint/OUTPUT/UefiDriverEntryPoint.lib(DriverEntryPoint.obj)

/DISCARD/
 *(.note.GNU-stack)
 *(.gnu_debuglink)
 *(.interp)
 *(.dynsym)
 *(.dynstr)
 *(.hash .gnu.hash)
 *(.comment)
OUTPUT(/home/kapoagaeming/spacemit-image-builder/components/Build/Milk-V-Jupiter/RELEASE_GCC5/RISCV64/Silicon/Spacemit/Drivers/I2CMaster/Tlv_Eeprom/TlvEeprom/DEBUG/TlvEeprom.dll elf64-littleriscv)

.riscv.attributes
                0x0000000000000000       0x78
 .riscv.attributes
                0x0000000000000000       0x74 /home/kapoagaeming/spacemit-image-builder/components/Build/Milk-V-Jupiter/RELEASE_GCC5/RISCV64/MdePkg/Library/UefiDriverEntryPoint/UefiDriverEntryPoint/OUTPUT/UefiDriverEntryPoint.lib(DriverEntryPoint.obj)
 .riscv.attributes
                0x0000000000000074       0x74 /home/kapoagaeming/spacemit-image-builder/components/Build/Milk-V-Jupiter/RELEASE_GCC5/RISCV64/Silicon/Spacemit/Drivers/I2CMaster/Tlv_Eeprom/TlvEeprom/OUTPUT/TlvEeprom.lib(AutoGen.obj)
 .riscv.attributes
                0x00000000000000e8       0x74 /home/kapoagaeming/spacemit-image-builder/components/Build/Milk-V-Jupiter/RELEASE_GCC5/RISCV64/Silicon/Spacemit/Drivers/I2CMaster/Tlv_Eeprom/TlvEeprom/OUTPUT/TlvEeprom.lib(TlvEeprom.obj)
 .riscv.attributes
                0x000000000000015c       0x74 /home/kapoagaeming/spacemit-image-builder/components/Build/Milk-V-Jupiter/RELEASE_GCC5/RISCV64/MdePkg/Library/BaseLib/BaseLib/OUTPUT/BaseLib.lib(CheckSum.obj)
 .riscv.attributes
                0x00000000000001d0       0x74 /home/kapoagaeming/spacemit-image-builder/components/Build/Milk-V-Jupiter/RELEASE_GCC5/RISCV64/MdePkg/Library/BaseLib/BaseLib/OUTPUT/BaseLib.lib(SwapBytes16.obj)
 .riscv.attributes
                0x0000000000000244       0x74 /home/kapoagaeming/spacemit-image-builder/components/Build/Milk-V-Jupiter/RELEASE_GCC5/RISCV64/MdePkg/Library/BaseLib/BaseLib/OUTPUT/BaseLib.lib(SafeString.obj)
 .riscv.attributes
                0x00000000000002b8       0x74 /home/kapoagaeming/spacemit-image-builder/components/Build/Milk-V-Jupiter/RELEASE_GCC5/RISCV64/MdePkg/Library/BaseLib/BaseLib/OUTPUT/BaseLib.lib(String.obj)
 .riscv.attributes
                0x000000000000032c       0x74 /home/kapoagaeming/spacemit-image-builder/components/Build/Milk-V-Jupiter/RELEASE_GCC5/RISCV64/MdePkg/Library/BaseLib/BaseLib/OUTPUT/BaseLib.lib(LShiftU64.obj)
 .riscv.attributes
                0x00000000000003a0       0x74 /home/kapoagaeming/spacemit-image-builder/components/Build/Milk-V-Jupiter/RELEASE_GCC5/RISCV64/MdePkg/Library/BaseLib/BaseLib/OUTPUT/BaseLib.lib(Math64.obj)
 .riscv.attributes
                0x0000000000000414       0x74 /home/kapoagaeming/spacemit-image-builder/components/Build/Milk-V-Jupiter/RELEASE_GCC5/RISCV64/MdePkg/Library/BaseMemoryLib/BaseMemoryLib/OUTPUT/BaseMemoryLib.lib(ZeroMemWrapper.obj)
 .riscv.attributes
                0x0000000000000488       0x74 /home/kapoagaeming/spacemit-image-builder/components/Build/Milk-V-Jupiter/RELEASE_GCC5/RISCV64/MdePkg/Library/BaseMemoryLib/BaseMemoryLib/OUTPUT/BaseMemoryLib.lib(CopyMemWrapper.obj)
 .riscv.attributes
                0x00000000000004fc       0x74 /home/kapoagaeming/spacemit-image-builder/components/Build/Milk-V-Jupiter/RELEASE_GCC5/RISCV64/MdePkg/Library/BaseMemoryLib/BaseMemoryLib/OUTPUT/BaseMemoryLib.lib(MemLibGeneric.obj)
 .riscv.attributes
                0x0000000000000570       0x74 /home/kapoagaeming/spacemit-image-builder/components/Build/Milk-V-Jupiter/RELEASE_GCC5/RISCV64/MdePkg/Library/BaseMemoryLib/BaseMemoryLib/OUTPUT/BaseMemoryLib.lib(CopyMem.obj)
 .riscv.attributes
                0x00000000000005e4       0x74 /home/kapoagaeming/spacemit-image-builder/components/Build/Milk-V-Jupiter/RELEASE_GCC5/RISCV64/MdePkg/Library/BaseMemoryLib/BaseMemoryLib/OUTPUT/BaseMemoryLib.lib(SetMem.obj)
 .riscv.attributes
                0x0000000000000658       0x74 /home/kapoagaeming/spacemit-image-builder/components/Build/Milk-V-Jupiter/RELEASE_GCC5/RISCV64/MdePkg/Library/BaseDebugLibSerialPort/BaseDebugLibSerialPort/OUTPUT/BaseDebugLibSerialPort.lib(DebugLib.obj)
 .riscv.attributes
                0x00000000000006cc       0x74 /home/kapoagaeming/spacemit-image-builder/components/Build/Milk-V-Jupiter/RELEASE_GCC5/RISCV64/MdePkg/Library/UefiBootServicesTableLib/UefiBootServicesTableLib/OUTPUT/UefiBootServicesTableLib.lib(UefiBootServicesTableLib.obj)
 .riscv.attributes
                0x0000000000000740       0x74 /home/kapoagaeming/spacemit-image-builder/components/Build/Milk-V-Jupiter/RELEASE_GCC5/RISCV64/MdePkg/Library/UefiMemoryAllocationLib/UefiMemoryAllocationLib/OUTPUT/UefiMemoryAllocationLib.lib(MemoryAllocationLib.obj)
 .riscv.attributes
                0x00000000000007b4       0x74 /home/kapoagaeming/spacemit-image-builder/components/Build/Milk-V-Jupiter/RELEASE_GCC5/RISCV64/MdePkg/Library/UefiRuntimeServicesTableLib/UefiRuntimeServicesTableLib/OUTPUT/UefiRuntimeServicesTableLib.lib(UefiRuntimeServicesTableLib.obj)
 .riscv.attributes
                0x0000000000000828       0x74 /home/kapoagaeming/spacemit-image-builder/components/Build/Milk-V-Jupiter/RELEASE_GCC5/RISCV64/MdePkg/Library/UefiDevicePathLibDevicePathProtocol/UefiDevicePathLibDevicePathProtocol/OUTPUT/UefiDevicePathLibDevicePathProtocol.lib(UefiDevicePathLib.obj)
 .riscv.attributes
                0x000000000000089c       0x74 /home/kapoagaeming/spacemit-image-builder/components/Build/Milk-V-Jupiter/RELEASE_GCC5/RISCV64/MdePkg/Library/UefiLib/UefiLib/OUTPUT/UefiLib.lib(UefiLib.obj)
 .riscv.attributes
                0x0000000000000910       0x74 /home/kapoagaeming/spacemit-image-builder/components/Build/Milk-V-Jupiter/RELEASE_GCC5/RISCV64/MdePkg/Library/BaseSerialPortLibRiscVSbiLib/BaseSerialPortLibRiscVSbiLibRam/OUTPUT/BaseSerialPortLibRiscVSbiLibRam.lib(BaseSerialPortLibRiscVSbiLibRam.obj)
 .riscv.attributes
                0x0000000000000984       0x74 /home/kapoagaeming/spacemit-image-builder/components/Build/Milk-V-Jupiter/RELEASE_GCC5/RISCV64/MdePkg/Library/BaseSerialPortLibRiscVSbiLib/BaseSerialPortLibRiscVSbiLibRam/OUTPUT/BaseSerialPortLibRiscVSbiLibRam.lib(Common.obj)
 .riscv.attributes
                0x00000000000009f8       0x74 /home/kapoagaeming/spacemit-image-builder/components/Build/Milk-V-Jupiter/RELEASE_GCC5/RISCV64/MdePkg/Library/BaseRiscVSbiLib/BaseRiscVSbiLib/OUTPUT/BaseRiscVSbiLib.lib(BaseRiscVSbiLib.obj)
 .riscv.attributes
                0x0000000000000a6c       0x72 /home/kapoagaeming/spacemit-image-builder/components/Build/Milk-V-Jupiter/RELEASE_GCC5/RISCV64/MdePkg/Library/BaseRiscVSbiLib/BaseRiscVSbiLib/OUTPUT/BaseRiscVSbiLib.lib(RiscVSbiEcall.obj)

.debug_info     0x0000000000000000    0x13229
 .debug_info    0x0000000000000000     0x198c /home/kapoagaeming/spacemit-image-builder/components/Build/Milk-V-Jupiter/RELEASE_GCC5/RISCV64/MdePkg/Library/UefiDriverEntryPoint/UefiDriverEntryPoint/OUTPUT/UefiDriverEntryPoint.lib(DriverEntryPoint.obj)
 .debug_info    0x000000000000198c     0x1f36 /home/kapoagaeming/spacemit-image-builder/components/Build/Milk-V-Jupiter/RELEASE_GCC5/RISCV64/Silicon/Spacemit/Drivers/I2CMaster/Tlv_Eeprom/TlvEeprom/OUTPUT/TlvEeprom.lib(AutoGen.obj)
 .debug_info    0x00000000000038c2     0x24e3 /home/kapoagaeming/spacemit-image-builder/components/Build/Milk-V-Jupiter/RELEASE_GCC5/RISCV64/Silicon/Spacemit/Drivers/I2CMaster/Tlv_Eeprom/TlvEeprom/OUTPUT/TlvEeprom.lib(TlvEeprom.obj)
 .debug_info    0x0000000000005da5      0x5ec /home/kapoagaeming/spacemit-image-builder/components/Build/Milk-V-Jupiter/RELEASE_GCC5/RISCV64/MdePkg/Library/BaseLib/BaseLib/OUTPUT/BaseLib.lib(CheckSum.obj)
 .debug_info    0x0000000000006391       0xb1 /home/kapoagaeming/spacemit-image-builder/components/Build/Milk-V-Jupiter/RELEASE_GCC5/RISCV64/MdePkg/Library/BaseLib/BaseLib/OUTPUT/BaseLib.lib(SwapBytes16.obj)
 .debug_info    0x0000000000006442     0x1500 /home/kapoagaeming/spacemit-image-builder/components/Build/Milk-V-Jupiter/RELEASE_GCC5/RISCV64/MdePkg/Library/BaseLib/BaseLib/OUTPUT/BaseLib.lib(SafeString.obj)
 .debug_info    0x0000000000007942      0xb28 /home/kapoagaeming/spacemit-image-builder/components/Build/Milk-V-Jupiter/RELEASE_GCC5/RISCV64/MdePkg/Library/BaseLib/BaseLib/OUTPUT/BaseLib.lib(String.obj)
 .debug_info    0x000000000000846a       0xee /home/kapoagaeming/spacemit-image-builder/components/Build/Milk-V-Jupiter/RELEASE_GCC5/RISCV64/MdePkg/Library/BaseLib/BaseLib/OUTPUT/BaseLib.lib(LShiftU64.obj)
 .debug_info    0x0000000000008558      0x446 /home/kapoagaeming/spacemit-image-builder/components/Build/Milk-V-Jupiter/RELEASE_GCC5/RISCV64/MdePkg/Library/BaseLib/BaseLib/OUTPUT/BaseLib.lib(Math64.obj)
 .debug_info    0x000000000000899e       0xee /home/kapoagaeming/spacemit-image-builder/components/Build/Milk-V-Jupiter/RELEASE_GCC5/RISCV64/MdePkg/Library/BaseMemoryLib/BaseMemoryLib/OUTPUT/BaseMemoryLib.lib(ZeroMemWrapper.obj)
 .debug_info    0x0000000000008a8c      0x10a /home/kapoagaeming/spacemit-image-builder/components/Build/Milk-V-Jupiter/RELEASE_GCC5/RISCV64/MdePkg/Library/BaseMemoryLib/BaseMemoryLib/OUTPUT/BaseMemoryLib.lib(CopyMemWrapper.obj)
 .debug_info    0x0000000000008b96      0x45e /home/kapoagaeming/spacemit-image-builder/components/Build/Milk-V-Jupiter/RELEASE_GCC5/RISCV64/MdePkg/Library/BaseMemoryLib/BaseMemoryLib/OUTPUT/BaseMemoryLib.lib(MemLibGeneric.obj)
 .debug_info    0x0000000000008ff4      0x19d /home/kapoagaeming/spacemit-image-builder/components/Build/Milk-V-Jupiter/RELEASE_GCC5/RISCV64/MdePkg/Library/BaseMemoryLib/BaseMemoryLib/OUTPUT/BaseMemoryLib.lib(CopyMem.obj)
 .debug_info    0x0000000000009191      0x175 /home/kapoagaeming/spacemit-image-builder/components/Build/Milk-V-Jupiter/RELEASE_GCC5/RISCV64/MdePkg/Library/BaseMemoryLib/BaseMemoryLib/OUTPUT/BaseMemoryLib.lib(SetMem.obj)
 .debug_info    0x0000000000009306      0x4e2 /home/kapoagaeming/spacemit-image-builder/components/Build/Milk-V-Jupiter/RELEASE_GCC5/RISCV64/MdePkg/Library/BaseDebugLibSerialPort/BaseDebugLibSerialPort/OUTPUT/BaseDebugLibSerialPort.lib(DebugLib.obj)
 .debug_info    0x00000000000097e8     0x17e8 /home/kapoagaeming/spacemit-image-builder/components/Build/Milk-V-Jupiter/RELEASE_GCC5/RISCV64/MdePkg/Library/UefiBootServicesTableLib/UefiBootServicesTableLib/OUTPUT/UefiBootServicesTableLib.lib(UefiBootServicesTableLib.obj)
 .debug_info    0x000000000000afd0     0x15ab /home/kapoagaeming/spacemit-image-builder/components/Build/Milk-V-Jupiter/RELEASE_GCC5/RISCV64/MdePkg/Library/UefiMemoryAllocationLib/UefiMemoryAllocationLib/OUTPUT/UefiMemoryAllocationLib.lib(MemoryAllocationLib.obj)
 .debug_info    0x000000000000c57b     0x17a9 /home/kapoagaeming/spacemit-image-builder/components/Build/Milk-V-Jupiter/RELEASE_GCC5/RISCV64/MdePkg/Library/UefiRuntimeServicesTableLib/UefiRuntimeServicesTableLib/OUTPUT/UefiRuntimeServicesTableLib.lib(UefiRuntimeServicesTableLib.obj)
 .debug_info    0x000000000000dd24     0x218e /home/kapoagaeming/spacemit-image-builder/components/Build/Milk-V-Jupiter/RELEASE_GCC5/RISCV64/MdePkg/Library/UefiDevicePathLibDevicePathProtocol/UefiDevicePathLibDevicePathProtocol/OUTPUT/UefiDevicePathLibDevicePathProtocol.lib(UefiDevicePathLib.obj)
 .debug_info    0x000000000000feb2     0x296f /home/kapoagaeming/spacemit-image-builder/components/Build/Milk-V-Jupiter/RELEASE_GCC5/RISCV64/MdePkg/Library/UefiLib/UefiLib/OUTPUT/UefiLib.lib(UefiLib.obj)
 .debug_info    0x0000000000012821      0x45d /home/kapoagaeming/spacemit-image-builder/components/Build/Milk-V-Jupiter/RELEASE_GCC5/RISCV64/MdePkg/Library/BaseSerialPortLibRiscVSbiLib/BaseSerialPortLibRiscVSbiLibRam/OUTPUT/BaseSerialPortLibRiscVSbiLibRam.lib(BaseSerialPortLibRiscVSbiLibRam.obj)
 .debug_info    0x0000000000012c7e      0x22b /home/kapoagaeming/spacemit-image-builder/components/Build/Milk-V-Jupiter/RELEASE_GCC5/RISCV64/MdePkg/Library/BaseSerialPortLibRiscVSbiLib/BaseSerialPortLibRiscVSbiLibRam/OUTPUT/BaseSerialPortLibRiscVSbiLibRam.lib(Common.obj)
 .debug_info    0x0000000000012ea9      0x380 /home/kapoagaeming/spacemit-image-builder/components/Build/Milk-V-Jupiter/RELEASE_GCC5/RISCV64/MdePkg/Library/BaseRiscVSbiLib/BaseRiscVSbiLib/OUTPUT/BaseRiscVSbiLib.lib(BaseRiscVSbiLib.obj)

.debug_abbrev   0x0000000000000000     0x2ac7
 .debug_abbrev  0x0000000000000000      0x2a3 /home/kapoagaeming/spacemit-image-builder/components/Build/Milk-V-Jupiter/RELEASE_GCC5/RISCV64/MdePkg/Library/UefiDriverEntryPoint/UefiDriverEntryPoint/OUTPUT/UefiDriverEntryPoint.lib(DriverEntryPoint.obj)
 .debug_abbrev  0x00000000000002a3      0x350 /home/kapoagaeming/spacemit-image-builder/components/Build/Milk-V-Jupiter/RELEASE_GCC5/RISCV64/Silicon/Spacemit/Drivers/I2CMaster/Tlv_Eeprom/TlvEeprom/OUTPUT/TlvEeprom.lib(AutoGen.obj)
 .debug_abbrev  0x00000000000005f3      0x412 /home/kapoagaeming/spacemit-image-builder/components/Build/Milk-V-Jupiter/RELEASE_GCC5/RISCV64/Silicon/Spacemit/Drivers/I2CMaster/Tlv_Eeprom/TlvEeprom/OUTPUT/TlvEeprom.lib(TlvEeprom.obj)
 .debug_abbrev  0x0000000000000a05      0x19a /home/kapoagaeming/spacemit-image-builder/components/Build/Milk-V-Jupiter/RELEASE_GCC5/RISCV64/MdePkg/Library/BaseLib/BaseLib/OUTPUT/BaseLib.lib(CheckSum.obj)
 .debug_abbrev  0x0000000000000b9f       0x6e /home/kapoagaeming/spacemit-image-builder/components/Build/Milk-V-Jupiter/RELEASE_GCC5/RISCV64/MdePkg/Library/BaseLib/BaseLib/OUTPUT/BaseLib.lib(SwapBytes16.obj)
 .debug_abbrev  0x0000000000000c0d      0x224 /home/kapoagaeming/spacemit-image-builder/components/Build/Milk-V-Jupiter/RELEASE_GCC5/RISCV64/MdePkg/Library/BaseLib/BaseLib/OUTPUT/BaseLib.lib(SafeString.obj)
 .debug_abbrev  0x0000000000000e31      0x1ab /home/kapoagaeming/spacemit-image-builder/components/Build/Milk-V-Jupiter/RELEASE_GCC5/RISCV64/MdePkg/Library/BaseLib/BaseLib/OUTPUT/BaseLib.lib(String.obj)
 .debug_abbrev  0x0000000000000fdc       0x9e /home/kapoagaeming/spacemit-image-builder/components/Build/Milk-V-Jupiter/RELEASE_GCC5/RISCV64/MdePkg/Library/BaseLib/BaseLib/OUTPUT/BaseLib.lib(LShiftU64.obj)
 .debug_abbrev  0x000000000000107a      0x117 /home/kapoagaeming/spacemit-image-builder/components/Build/Milk-V-Jupiter/RELEASE_GCC5/RISCV64/MdePkg/Library/BaseLib/BaseLib/OUTPUT/BaseLib.lib(Math64.obj)
 .debug_abbrev  0x0000000000001191       0xa6 /home/kapoagaeming/spacemit-image-builder/components/Build/Milk-V-Jupiter/RELEASE_GCC5/RISCV64/MdePkg/Library/BaseMemoryLib/BaseMemoryLib/OUTPUT/BaseMemoryLib.lib(ZeroMemWrapper.obj)
 .debug_abbrev  0x0000000000001237       0xb3 /home/kapoagaeming/spacemit-image-builder/components/Build/Milk-V-Jupiter/RELEASE_GCC5/RISCV64/MdePkg/Library/BaseMemoryLib/BaseMemoryLib/OUTPUT/BaseMemoryLib.lib(CopyMemWrapper.obj)
 .debug_abbrev  0x00000000000012ea      0x14a /home/kapoagaeming/spacemit-image-builder/components/Build/Milk-V-Jupiter/RELEASE_GCC5/RISCV64/MdePkg/Library/BaseMemoryLib/BaseMemoryLib/OUTPUT/BaseMemoryLib.lib(MemLibGeneric.obj)
 .debug_abbrev  0x0000000000001434       0xb7 /home/kapoagaeming/spacemit-image-builder/components/Build/Milk-V-Jupiter/RELEASE_GCC5/RISCV64/MdePkg/Library/BaseMemoryLib/BaseMemoryLib/OUTPUT/BaseMemoryLib.lib(CopyMem.obj)
 .debug_abbrev  0x00000000000014eb       0xca /home/kapoagaeming/spacemit-image-builder/components/Build/Milk-V-Jupiter/RELEASE_GCC5/RISCV64/MdePkg/Library/BaseMemoryLib/BaseMemoryLib/OUTPUT/BaseMemoryLib.lib(SetMem.obj)
 .debug_abbrev  0x00000000000015b5      0x1fb /home/kapoagaeming/spacemit-image-builder/components/Build/Milk-V-Jupiter/RELEASE_GCC5/RISCV64/MdePkg/Library/BaseDebugLibSerialPort/BaseDebugLibSerialPort/OUTPUT/BaseDebugLibSerialPort.lib(DebugLib.obj)
 .debug_abbrev  0x00000000000017b0      0x252 /home/kapoagaeming/spacemit-image-builder/components/Build/Milk-V-Jupiter/RELEASE_GCC5/RISCV64/MdePkg/Library/UefiBootServicesTableLib/UefiBootServicesTableLib/OUTPUT/UefiBootServicesTableLib.lib(UefiBootServicesTableLib.obj)
 .debug_abbrev  0x0000000000001a02      0x2c2 /home/kapoagaeming/spacemit-image-builder/components/Build/Milk-V-Jupiter/RELEASE_GCC5/RISCV64/MdePkg/Library/UefiMemoryAllocationLib/UefiMemoryAllocationLib/OUTPUT/UefiMemoryAllocationLib.lib(MemoryAllocationLib.obj)
 .debug_abbrev  0x0000000000001cc4      0x22e /home/kapoagaeming/spacemit-image-builder/components/Build/Milk-V-Jupiter/RELEASE_GCC5/RISCV64/MdePkg/Library/UefiRuntimeServicesTableLib/UefiRuntimeServicesTableLib/OUTPUT/UefiRuntimeServicesTableLib.lib(UefiRuntimeServicesTableLib.obj)
 .debug_abbrev  0x0000000000001ef2      0x36d /home/kapoagaeming/spacemit-image-builder/components/Build/Milk-V-Jupiter/RELEASE_GCC5/RISCV64/MdePkg/Library/UefiDevicePathLibDevicePathProtocol/UefiDevicePathLibDevicePathProtocol/OUTPUT/UefiDevicePathLibDevicePathProtocol.lib(UefiDevicePathLib.obj)
 .debug_abbrev  0x000000000000225f      0x3c6 /home/kapoagaeming/spacemit-image-builder/components/Build/Milk-V-Jupiter/RELEASE_GCC5/RISCV64/MdePkg/Library/UefiLib/UefiLib/OUTPUT/UefiLib.lib(UefiLib.obj)
 .debug_abbrev  0x0000000000002625      0x1d1 /home/kapoagaeming/spacemit-image-builder/components/Build/Milk-V-Jupiter/RELEASE_GCC5/RISCV64/MdePkg/Library/BaseSerialPortLibRiscVSbiLib/BaseSerialPortLibRiscVSbiLibRam/OUTPUT/BaseSerialPortLibRiscVSbiLibRam.lib(BaseSerialPortLibRiscVSbiLibRam.obj)
 .debug_abbrev  0x00000000000027f6      0x12d /home/kapoagaeming/spacemit-image-builder/components/Build/Milk-V-Jupiter/RELEASE_GCC5/RISCV64/MdePkg/Library/BaseSerialPortLibRiscVSbiLib/BaseSerialPortLibRiscVSbiLibRam/OUTPUT/BaseSerialPortLibRiscVSbiLibRam.lib(Common.obj)
 .debug_abbrev  0x0000000000002923      0x1a4 /home/kapoagaeming/spacemit-image-builder/components/Build/Milk-V-Jupiter/RELEASE_GCC5/RISCV64/MdePkg/Library/BaseRiscVSbiLib/BaseRiscVSbiLib/OUTPUT/BaseRiscVSbiLib.lib(BaseRiscVSbiLib.obj)

.debug_aranges  0x0000000000000000     0x1280
 .debug_aranges
                0x0000000000000000       0x50 /home/kapoagaeming/spacemit-image-builder/components/Build/Milk-V-Jupiter/RELEASE_GCC5/RISCV64/MdePkg/Library/UefiDriverEntryPoint/UefiDriverEntryPoint/OUTPUT/UefiDriverEntryPoint.lib(DriverEntryPoint.obj)
 .debug_aranges
                0x0000000000000050       0x70 /home/kapoagaeming/spacemit-image-builder/components/Build/Milk-V-Jupiter/RELEASE_GCC5/RISCV64/Silicon/Spacemit/Drivers/I2CMaster/Tlv_Eeprom/TlvEeprom/OUTPUT/TlvEeprom.lib(AutoGen.obj)
 .debug_aranges
                0x00000000000000c0      0x170 /home/kapoagaeming/spacemit-image-builder/components/Build/Milk-V-Jupiter/RELEASE_GCC5/RISCV64/Silicon/Spacemit/Drivers/I2CMaster/Tlv_Eeprom/TlvEeprom/OUTPUT/TlvEeprom.lib(TlvEeprom.obj)
 .debug_aranges
                0x0000000000000230       0xe0 /home/kapoagaeming/spacemit-image-builder/components/Build/Milk-V-Jupiter/RELEASE_GCC5/RISCV64/MdePkg/Library/BaseLib/BaseLib/OUTPUT/BaseLib.lib(CheckSum.obj)
 .debug_aranges
                0x0000000000000310       0x30 /home/kapoagaeming/spacemit-image-builder/components/Build/Milk-V-Jupiter/RELEASE_GCC5/RISCV64/MdePkg/Library/BaseLib/BaseLib/OUTPUT/BaseLib.lib(SwapBytes16.obj)
 .debug_aranges
                0x0000000000000340      0x250 /home/kapoagaeming/spacemit-image-builder/components/Build/Milk-V-Jupiter/RELEASE_GCC5/RISCV64/MdePkg/Library/BaseLib/BaseLib/OUTPUT/BaseLib.lib(SafeString.obj)
 .debug_aranges
                0x0000000000000590      0x210 /home/kapoagaeming/spacemit-image-builder/components/Build/Milk-V-Jupiter/RELEASE_GCC5/RISCV64/MdePkg/Library/BaseLib/BaseLib/OUTPUT/BaseLib.lib(String.obj)
 .debug_aranges
                0x00000000000007a0       0x30 /home/kapoagaeming/spacemit-image-builder/components/Build/Milk-V-Jupiter/RELEASE_GCC5/RISCV64/MdePkg/Library/BaseLib/BaseLib/OUTPUT/BaseLib.lib(LShiftU64.obj)
 .debug_aranges
                0x00000000000007d0       0xf0 /home/kapoagaeming/spacemit-image-builder/components/Build/Milk-V-Jupiter/RELEASE_GCC5/RISCV64/MdePkg/Library/BaseLib/BaseLib/OUTPUT/BaseLib.lib(Math64.obj)
 .debug_aranges
                0x00000000000008c0       0x30 /home/kapoagaeming/spacemit-image-builder/components/Build/Milk-V-Jupiter/RELEASE_GCC5/RISCV64/MdePkg/Library/BaseMemoryLib/BaseMemoryLib/OUTPUT/BaseMemoryLib.lib(ZeroMemWrapper.obj)
 .debug_aranges
                0x00000000000008f0       0x30 /home/kapoagaeming/spacemit-image-builder/components/Build/Milk-V-Jupiter/RELEASE_GCC5/RISCV64/MdePkg/Library/BaseMemoryLib/BaseMemoryLib/OUTPUT/BaseMemoryLib.lib(CopyMemWrapper.obj)
 .debug_aranges
                0x0000000000000920       0xc0 /home/kapoagaeming/spacemit-image-builder/components/Build/Milk-V-Jupiter/RELEASE_GCC5/RISCV64/MdePkg/Library/BaseMemoryLib/BaseMemoryLib/OUTPUT/BaseMemoryLib.lib(MemLibGeneric.obj)
 .debug_aranges
                0x00000000000009e0       0x30 /home/kapoagaeming/spacemit-image-builder/components/Build/Milk-V-Jupiter/RELEASE_GCC5/RISCV64/MdePkg/Library/BaseMemoryLib/BaseMemoryLib/OUTPUT/BaseMemoryLib.lib(CopyMem.obj)
 .debug_aranges
                0x0000000000000a10       0x30 /home/kapoagaeming/spacemit-image-builder/components/Build/Milk-V-Jupiter/RELEASE_GCC5/RISCV64/MdePkg/Library/BaseMemoryLib/BaseMemoryLib/OUTPUT/BaseMemoryLib.lib(SetMem.obj)
 .debug_aranges
                0x0000000000000a40       0xe0 /home/kapoagaeming/spacemit-image-builder/components/Build/Milk-V-Jupiter/RELEASE_GCC5/RISCV64/MdePkg/Library/BaseDebugLibSerialPort/BaseDebugLibSerialPort/OUTPUT/BaseDebugLibSerialPort.lib(DebugLib.obj)
 .debug_aranges
                0x0000000000000b20       0x30 /home/kapoagaeming/spacemit-image-builder/components/Build/Milk-V-Jupiter/RELEASE_GCC5/RISCV64/MdePkg/Library/UefiBootServicesTableLib/UefiBootServicesTableLib/OUTPUT/UefiBootServicesTableLib.lib(UefiBootServicesTableLib.obj)
 .debug_aranges
                0x0000000000000b50      0x1d0 /home/kapoagaeming/spacemit-image-builder/components/Build/Milk-V-Jupiter/RELEASE_GCC5/RISCV64/MdePkg/Library/UefiMemoryAllocationLib/UefiMemoryAllocationLib/OUTPUT/UefiMemoryAllocationLib.lib(MemoryAllocationLib.obj)
 .debug_aranges
                0x0000000000000d20       0x30 /home/kapoagaeming/spacemit-image-builder/components/Build/Milk-V-Jupiter/RELEASE_GCC5/RISCV64/MdePkg/Library/UefiRuntimeServicesTableLib/UefiRuntimeServicesTableLib/OUTPUT/UefiRuntimeServicesTableLib.lib(UefiRuntimeServicesTableLib.obj)
 .debug_aranges
                0x0000000000000d50      0x1c0 /home/kapoagaeming/spacemit-image-builder/components/Build/Milk-V-Jupiter/RELEASE_GCC5/RISCV64/MdePkg/Library/UefiDevicePathLibDevicePathProtocol/UefiDevicePathLibDevicePathProtocol/OUTPUT/UefiDevicePathLibDevicePathProtocol.lib(UefiDevicePathLib.obj)
 .debug_aranges
                0x0000000000000f10      0x1d0 /home/kapoagaeming/spacemit-image-builder/components/Build/Milk-V-Jupiter/RELEASE_GCC5/RISCV64/MdePkg/Library/UefiLib/UefiLib/OUTPUT/UefiLib.lib(UefiLib.obj)
 .debug_aranges
                0x00000000000010e0       0xa0 /home/kapoagaeming/spacemit-image-builder/components/Build/Milk-V-Jupiter/RELEASE_GCC5/RISCV64/MdePkg/Library/BaseSerialPortLibRiscVSbiLib/BaseSerialPortLibRiscVSbiLibRam/OUTPUT/BaseSerialPortLibRiscVSbiLibRam.lib(BaseSerialPortLibRiscVSbiLibRam.obj)
 .debug_aranges
                0x0000000000001180       0x60 /home/kapoagaeming/spacemit-image-builder/components/Build/Milk-V-Jupiter/RELEASE_GCC5/RISCV64/MdePkg/Library/BaseSerialPortLibRiscVSbiLib/BaseSerialPortLibRiscVSbiLibRam/OUTPUT/BaseSerialPortLibRiscVSbiLibRam.lib(Common.obj)
 .debug_aranges
                0x00000000000011e0       0xa0 /home/kapoagaeming/spacemit-image-builder/components/Build/Milk-V-Jupiter/RELEASE_GCC5/RISCV64/MdePkg/Library/BaseRiscVSbiLib/BaseRiscVSbiLib/OUTPUT/BaseRiscVSbiLib.lib(BaseRiscVSbiLib.obj)

.debug_rnglists
                0x0000000000000000      0xb42
 .debug_rnglists
                0x0000000000000000       0x2c /home/kapoagaeming/spacemit-image-builder/components/Build/Milk-V-Jupiter/RELEASE_GCC5/RISCV64/MdePkg/Library/UefiDriverEntryPoint/UefiDriverEntryPoint/OUTPUT/UefiDriverEntryPoint.lib(DriverEntryPoint.obj)
 .debug_rnglists
                0x000000000000002c       0x3f /home/kapoagaeming/spacemit-image-builder/components/Build/Milk-V-Jupiter/RELEASE_GCC5/RISCV64/Silicon/Spacemit/Drivers/I2CMaster/Tlv_Eeprom/TlvEeprom/OUTPUT/TlvEeprom.lib(AutoGen.obj)
 .debug_rnglists
                0x000000000000006b       0xed /home/kapoagaeming/spacemit-image-builder/components/Build/Milk-V-Jupiter/RELEASE_GCC5/RISCV64/Silicon/Spacemit/Drivers/I2CMaster/Tlv_Eeprom/TlvEeprom/OUTPUT/TlvEeprom.lib(TlvEeprom.obj)
 .debug_rnglists
                0x0000000000000158       0x89 /home/kapoagaeming/spacemit-image-builder/components/Build/Milk-V-Jupiter/RELEASE_GCC5/RISCV64/MdePkg/Library/BaseLib/BaseLib/OUTPUT/BaseLib.lib(CheckSum.obj)
 .debug_rnglists
                0x00000000000001e1       0x17 /home/kapoagaeming/spacemit-image-builder/components/Build/Milk-V-Jupiter/RELEASE_GCC5/RISCV64/MdePkg/Library/BaseLib/BaseLib/OUTPUT/BaseLib.lib(SwapBytes16.obj)
 .debug_rnglists
                0x00000000000001f8      0x187 /home/kapoagaeming/spacemit-image-builder/components/Build/Milk-V-Jupiter/RELEASE_GCC5/RISCV64/MdePkg/Library/BaseLib/BaseLib/OUTPUT/BaseLib.lib(SafeString.obj)
 .debug_rnglists
                0x000000000000037f      0x14b /home/kapoagaeming/spacemit-image-builder/components/Build/Milk-V-Jupiter/RELEASE_GCC5/RISCV64/MdePkg/Library/BaseLib/BaseLib/OUTPUT/BaseLib.lib(String.obj)
 .debug_rnglists
                0x00000000000004ca       0x17 /home/kapoagaeming/spacemit-image-builder/components/Build/Milk-V-Jupiter/RELEASE_GCC5/RISCV64/MdePkg/Library/BaseLib/BaseLib/OUTPUT/BaseLib.lib(LShiftU64.obj)
 .debug_rnglists
                0x00000000000004e1       0x8f /home/kapoagaeming/spacemit-image-builder/components/Build/Milk-V-Jupiter/RELEASE_GCC5/RISCV64/MdePkg/Library/BaseLib/BaseLib/OUTPUT/BaseLib.lib(Math64.obj)
 .debug_rnglists
                0x0000000000000570       0x17 /home/kapoagaeming/spacemit-image-builder/components/Build/Milk-V-Jupiter/RELEASE_GCC5/RISCV64/MdePkg/Library/BaseMemoryLib/BaseMemoryLib/OUTPUT/BaseMemoryLib.lib(ZeroMemWrapper.obj)
 .debug_rnglists
                0x0000000000000587       0x17 /home/kapoagaeming/spacemit-image-builder/components/Build/Milk-V-Jupiter/RELEASE_GCC5/RISCV64/MdePkg/Library/BaseMemoryLib/BaseMemoryLib/OUTPUT/BaseMemoryLib.lib(CopyMemWrapper.obj)
 .debug_rnglists
                0x000000000000059e       0x71 /home/kapoagaeming/spacemit-image-builder/components/Build/Milk-V-Jupiter/RELEASE_GCC5/RISCV64/MdePkg/Library/BaseMemoryLib/BaseMemoryLib/OUTPUT/BaseMemoryLib.lib(MemLibGeneric.obj)
 .debug_rnglists
                0x000000000000060f       0x18 /home/kapoagaeming/spacemit-image-builder/components/Build/Milk-V-Jupiter/RELEASE_GCC5/RISCV64/MdePkg/Library/BaseMemoryLib/BaseMemoryLib/OUTPUT/BaseMemoryLib.lib(CopyMem.obj)
 .debug_rnglists
                0x0000000000000627       0x18 /home/kapoagaeming/spacemit-image-builder/components/Build/Milk-V-Jupiter/RELEASE_GCC5/RISCV64/MdePkg/Library/BaseMemoryLib/BaseMemoryLib/OUTPUT/BaseMemoryLib.lib(SetMem.obj)
 .debug_rnglists
                0x000000000000063f       0x87 /home/kapoagaeming/spacemit-image-builder/components/Build/Milk-V-Jupiter/RELEASE_GCC5/RISCV64/MdePkg/Library/BaseDebugLibSerialPort/BaseDebugLibSerialPort/OUTPUT/BaseDebugLibSerialPort.lib(DebugLib.obj)
 .debug_rnglists
                0x00000000000006c6       0x17 /home/kapoagaeming/spacemit-image-builder/components/Build/Milk-V-Jupiter/RELEASE_GCC5/RISCV64/MdePkg/Library/UefiBootServicesTableLib/UefiBootServicesTableLib/OUTPUT/UefiBootServicesTableLib.lib(UefiBootServicesTableLib.obj)
 .debug_rnglists
                0x00000000000006dd      0x11c /home/kapoagaeming/spacemit-image-builder/components/Build/Milk-V-Jupiter/RELEASE_GCC5/RISCV64/MdePkg/Library/UefiMemoryAllocationLib/UefiMemoryAllocationLib/OUTPUT/UefiMemoryAllocationLib.lib(MemoryAllocationLib.obj)
 .debug_rnglists
                0x00000000000007f9       0x17 /home/kapoagaeming/spacemit-image-builder/components/Build/Milk-V-Jupiter/RELEASE_GCC5/RISCV64/MdePkg/Library/UefiRuntimeServicesTableLib/UefiRuntimeServicesTableLib/OUTPUT/UefiRuntimeServicesTableLib.lib(UefiRuntimeServicesTableLib.obj)
 .debug_rnglists
                0x0000000000000810      0x113 /home/kapoagaeming/spacemit-image-builder/components/Build/Milk-V-Jupiter/RELEASE_GCC5/RISCV64/MdePkg/Library/UefiDevicePathLibDevicePathProtocol/UefiDevicePathLibDevicePathProtocol/OUTPUT/UefiDevicePathLibDevicePathProtocol.lib(UefiDevicePathLib.obj)
 .debug_rnglists
                0x0000000000000923      0x12c /home/kapoagaeming/spacemit-image-builder/components/Build/Milk-V-Jupiter/RELEASE_GCC5/RISCV64/MdePkg/Library/UefiLib/UefiLib/OUTPUT/UefiLib.lib(UefiLib.obj)
 .debug_rnglists
                0x0000000000000a4f       0x5f /home/kapoagaeming/spacemit-image-builder/components/Build/Milk-V-Jupiter/RELEASE_GCC5/RISCV64/MdePkg/Library/BaseSerialPortLibRiscVSbiLib/BaseSerialPortLibRiscVSbiLibRam/OUTPUT/BaseSerialPortLibRiscVSbiLibRam.lib(BaseSerialPortLibRiscVSbiLibRam.obj)
 .debug_rnglists
                0x0000000000000aae       0x35 /home/kapoagaeming/spacemit-image-builder/components/Build/Milk-V-Jupiter/RELEASE_GCC5/RISCV64/MdePkg/Library/BaseSerialPortLibRiscVSbiLib/BaseSerialPortLibRiscVSbiLibRam/OUTPUT/BaseSerialPortLibRiscVSbiLibRam.lib(Common.obj)
 .debug_rnglists
                0x0000000000000ae3       0x5f /home/kapoagaeming/spacemit-image-builder/components/Build/Milk-V-Jupiter/RELEASE_GCC5/RISCV64/MdePkg/Library/BaseRiscVSbiLib/BaseRiscVSbiLib/OUTPUT/BaseRiscVSbiLib.lib(BaseRiscVSbiLib.obj)

.debug_line     0x0000000000000000     0xa74e
 .debug_line    0x0000000000000000      0x1aa /home/kapoagaeming/spacemit-image-builder/components/Build/Milk-V-Jupiter/RELEASE_GCC5/RISCV64/MdePkg/Library/UefiDriverEntryPoint/UefiDriverEntryPoint/OUTPUT/UefiDriverEntryPoint.lib(DriverEntryPoint.obj)
 .debug_line    0x00000000000001aa      0x176 /home/kapoagaeming/spacemit-image-builder/components/Build/Milk-V-Jupiter/RELEASE_GCC5/RISCV64/Silicon/Spacemit/Drivers/I2CMaster/Tlv_Eeprom/TlvEeprom/OUTPUT/TlvEeprom.lib(AutoGen.obj)
 .debug_line    0x0000000000000320     0x10d8 /home/kapoagaeming/spacemit-image-builder/components/Build/Milk-V-Jupiter/RELEASE_GCC5/RISCV64/Silicon/Spacemit/Drivers/I2CMaster/Tlv_Eeprom/TlvEeprom/OUTPUT/TlvEeprom.lib(TlvEeprom.obj)
 .debug_line    0x00000000000013f8      0x4fc /home/kapoagaeming/spacemit-image-builder/components/Build/Milk-V-Jupiter/RELEASE_GCC5/RISCV64/MdePkg/Library/BaseLib/BaseLib/OUTPUT/BaseLib.lib(CheckSum.obj)
 .debug_line    0x00000000000018f4       0x71 /home/kapoagaeming/spacemit-image-builder/components/Build/Milk-V-Jupiter/RELEASE_GCC5/RISCV64/MdePkg/Library/BaseLib/BaseLib/OUTPUT/BaseLib.lib(SwapBytes16.obj)
 .debug_line    0x0000000000001965     0x37c4 /home/kapoagaeming/spacemit-image-builder/components/Build/Milk-V-Jupiter/RELEASE_GCC5/RISCV64/MdePkg/Library/BaseLib/BaseLib/OUTPUT/BaseLib.lib(SafeString.obj)
 .debug_line    0x0000000000005129     0x1292 /home/kapoagaeming/spacemit-image-builder/components/Build/Milk-V-Jupiter/RELEASE_GCC5/RISCV64/MdePkg/Library/BaseLib/BaseLib/OUTPUT/BaseLib.lib(String.obj)
 .debug_line    0x00000000000063bb       0x6e /home/kapoagaeming/spacemit-image-builder/components/Build/Milk-V-Jupiter/RELEASE_GCC5/RISCV64/MdePkg/Library/BaseLib/BaseLib/OUTPUT/BaseLib.lib(LShiftU64.obj)
 .debug_line    0x0000000000006429      0x339 /home/kapoagaeming/spacemit-image-builder/components/Build/Milk-V-Jupiter/RELEASE_GCC5/RISCV64/MdePkg/Library/BaseLib/BaseLib/OUTPUT/BaseLib.lib(Math64.obj)
 .debug_line    0x0000000000006762       0x7e /home/kapoagaeming/spacemit-image-builder/components/Build/Milk-V-Jupiter/RELEASE_GCC5/RISCV64/MdePkg/Library/BaseMemoryLib/BaseMemoryLib/OUTPUT/BaseMemoryLib.lib(ZeroMemWrapper.obj)
 .debug_line    0x00000000000067e0       0x8e /home/kapoagaeming/spacemit-image-builder/components/Build/Milk-V-Jupiter/RELEASE_GCC5/RISCV64/MdePkg/Library/BaseMemoryLib/BaseMemoryLib/OUTPUT/BaseMemoryLib.lib(CopyMemWrapper.obj)
 .debug_line    0x000000000000686e      0x3b6 /home/kapoagaeming/spacemit-image-builder/components/Build/Milk-V-Jupiter/RELEASE_GCC5/RISCV64/MdePkg/Library/BaseMemoryLib/BaseMemoryLib/OUTPUT/BaseMemoryLib.lib(MemLibGeneric.obj)
 .debug_line    0x0000000000006c24      0x4a6 /home/kapoagaeming/spacemit-image-builder/components/Build/Milk-V-Jupiter/RELEASE_GCC5/RISCV64/MdePkg/Library/BaseMemoryLib/BaseMemoryLib/OUTPUT/BaseMemoryLib.lib(CopyMem.obj)
 .debug_line    0x00000000000070ca      0x1c8 /home/kapoagaeming/spacemit-image-builder/components/Build/Milk-V-Jupiter/RELEASE_GCC5/RISCV64/MdePkg/Library/BaseMemoryLib/BaseMemoryLib/OUTPUT/BaseMemoryLib.lib(SetMem.obj)
 .debug_line    0x0000000000007292      0x30d /home/kapoagaeming/spacemit-image-builder/components/Build/Milk-V-Jupiter/RELEASE_GCC5/RISCV64/MdePkg/Library/BaseDebugLibSerialPort/BaseDebugLibSerialPort/OUTPUT/BaseDebugLibSerialPort.lib(DebugLib.obj)
 .debug_line    0x000000000000759f       0xc1 /home/kapoagaeming/spacemit-image-builder/components/Build/Milk-V-Jupiter/RELEASE_GCC5/RISCV64/MdePkg/Library/UefiBootServicesTableLib/UefiBootServicesTableLib/OUTPUT/UefiBootServicesTableLib.lib(UefiBootServicesTableLib.obj)
 .debug_line    0x0000000000007660      0x6f4 /home/kapoagaeming/spacemit-image-builder/components/Build/Milk-V-Jupiter/RELEASE_GCC5/RISCV64/MdePkg/Library/UefiMemoryAllocationLib/UefiMemoryAllocationLib/OUTPUT/UefiMemoryAllocationLib.lib(MemoryAllocationLib.obj)
 .debug_line    0x0000000000007d54       0xa8 /home/kapoagaeming/spacemit-image-builder/components/Build/Milk-V-Jupiter/RELEASE_GCC5/RISCV64/MdePkg/Library/UefiRuntimeServicesTableLib/UefiRuntimeServicesTableLib/OUTPUT/UefiRuntimeServicesTableLib.lib(UefiRuntimeServicesTableLib.obj)
 .debug_line    0x0000000000007dfc      0x8d9 /home/kapoagaeming/spacemit-image-builder/components/Build/Milk-V-Jupiter/RELEASE_GCC5/RISCV64/MdePkg/Library/UefiDevicePathLibDevicePathProtocol/UefiDevicePathLibDevicePathProtocol/OUTPUT/UefiDevicePathLibDevicePathProtocol.lib(UefiDevicePathLib.obj)
 .debug_line    0x00000000000086d5     0x1898 /home/kapoagaeming/spacemit-image-builder/components/Build/Milk-V-Jupiter/RELEASE_GCC5/RISCV64/MdePkg/Library/UefiLib/UefiLib/OUTPUT/UefiLib.lib(UefiLib.obj)
 .debug_line    0x0000000000009f6d      0x39c /home/kapoagaeming/spacemit-image-builder/components/Build/Milk-V-Jupiter/RELEASE_GCC5/RISCV64/MdePkg/Library/BaseSerialPortLibRiscVSbiLib/BaseSerialPortLibRiscVSbiLibRam/OUTPUT/BaseSerialPortLibRiscVSbiLibRam.lib(BaseSerialPortLibRiscVSbiLibRam.obj)
 .debug_line    0x000000000000a309      0x1c0 /home/kapoagaeming/spacemit-image-builder/components/Build/Milk-V-Jupiter/RELEASE_GCC5/RISCV64/MdePkg/Library/BaseSerialPortLibRiscVSbiLib/BaseSerialPortLibRiscVSbiLibRam/OUTPUT/BaseSerialPortLibRiscVSbiLibRam.lib(Common.obj)
 .debug_line    0x000000000000a4c9      0x285 /home/kapoagaeming/spacemit-image-builder/components/Build/Milk-V-Jupiter/RELEASE_GCC5/RISCV64/MdePkg/Library/BaseRiscVSbiLib/BaseRiscVSbiLib/OUTPUT/BaseRiscVSbiLib.lib(BaseRiscVSbiLib.obj)

.debug_str      0x0000000000000000     0x3a96
 .debug_str     0x0000000000000000     0x3a96 /home/kapoagaeming/spacemit-image-builder/components/Build/Milk-V-Jupiter/RELEASE_GCC5/RISCV64/MdePkg/Library/UefiDriverEntryPoint/UefiDriverEntryPoint/OUTPUT/UefiDriverEntryPoint.lib(DriverEntryPoint.obj)
                                       0x14e5 (size before relaxing)
 .debug_str     0x0000000000003a96     0x1bb3 /home/kapoagaeming/spacemit-image-builder/components/Build/Milk-V-Jupiter/RELEASE_GCC5/RISCV64/Silicon/Spacemit/Drivers/I2CMaster/Tlv_Eeprom/TlvEeprom/OUTPUT/TlvEeprom.lib(AutoGen.obj)
 .debug_str     0x0000000000003a96     0x17d3 /home/kapoagaeming/spacemit-image-builder/components/Build/Milk-V-Jupiter/RELEASE_GCC5/RISCV64/Silicon/Spacemit/Drivers/I2CMaster/Tlv_Eeprom/TlvEeprom/OUTPUT/TlvEeprom.lib(TlvEeprom.obj)
 .debug_str     0x0000000000003a96      0x376 /home/kapoagaeming/spacemit-image-builder/components/Build/Milk-V-Jupiter/RELEASE_GCC5/RISCV64/MdePkg/Library/BaseLib/BaseLib/OUTPUT/BaseLib.lib(CheckSum.obj)
 .debug_str     0x0000000000003a96      0x218 /home/kapoagaeming/spacemit-image-builder/components/Build/Milk-V-Jupiter/RELEASE_GCC5/RISCV64/MdePkg/Library/BaseLib/BaseLib/OUTPUT/BaseLib.lib(SwapBytes16.obj)
 .debug_str     0x0000000000003a96      0x7c8 /home/kapoagaeming/spacemit-image-builder/components/Build/Milk-V-Jupiter/RELEASE_GCC5/RISCV64/MdePkg/Library/BaseLib/BaseLib/OUTPUT/BaseLib.lib(SafeString.obj)
 .debug_str     0x0000000000003a96      0x6c6 /home/kapoagaeming/spacemit-image-builder/components/Build/Milk-V-Jupiter/RELEASE_GCC5/RISCV64/MdePkg/Library/BaseLib/BaseLib/OUTPUT/BaseLib.lib(String.obj)
 .debug_str     0x0000000000003a96      0x242 /home/kapoagaeming/spacemit-image-builder/components/Build/Milk-V-Jupiter/RELEASE_GCC5/RISCV64/MdePkg/Library/BaseLib/BaseLib/OUTPUT/BaseLib.lib(LShiftU64.obj)
 .debug_str     0x0000000000003a96      0x3b4 /home/kapoagaeming/spacemit-image-builder/components/Build/Milk-V-Jupiter/RELEASE_GCC5/RISCV64/MdePkg/Library/BaseLib/BaseLib/OUTPUT/BaseLib.lib(Math64.obj)
 .debug_str     0x0000000000003a96      0x23d /home/kapoagaeming/spacemit-image-builder/components/Build/Milk-V-Jupiter/RELEASE_GCC5/RISCV64/MdePkg/Library/BaseMemoryLib/BaseMemoryLib/OUTPUT/BaseMemoryLib.lib(ZeroMemWrapper.obj)
 .debug_str     0x0000000000003a96      0x255 /home/kapoagaeming/spacemit-image-builder/components/Build/Milk-V-Jupiter/RELEASE_GCC5/RISCV64/MdePkg/Library/BaseMemoryLib/BaseMemoryLib/OUTPUT/BaseMemoryLib.lib(CopyMemWrapper.obj)
 .debug_str     0x0000000000003a96      0x366 /home/kapoagaeming/spacemit-image-builder/components/Build/Milk-V-Jupiter/RELEASE_GCC5/RISCV64/MdePkg/Library/BaseMemoryLib/BaseMemoryLib/OUTPUT/BaseMemoryLib.lib(MemLibGeneric.obj)
 .debug_str     0x0000000000003a96      0x29f /home/kapoagaeming/spacemit-image-builder/components/Build/Milk-V-Jupiter/RELEASE_GCC5/RISCV64/MdePkg/Library/BaseMemoryLib/BaseMemoryLib/OUTPUT/BaseMemoryLib.lib(CopyMem.obj)
 .debug_str     0x0000000000003a96      0x276 /home/kapoagaeming/spacemit-image-builder/components/Build/Milk-V-Jupiter/RELEASE_GCC5/RISCV64/MdePkg/Library/BaseMemoryLib/BaseMemoryLib/OUTPUT/BaseMemoryLib.lib(SetMem.obj)
 .debug_str     0x0000000000003a96      0x4c7 /home/kapoagaeming/spacemit-image-builder/components/Build/Milk-V-Jupiter/RELEASE_GCC5/RISCV64/MdePkg/Library/BaseDebugLibSerialPort/BaseDebugLibSerialPort/OUTPUT/BaseDebugLibSerialPort.lib(DebugLib.obj)
 .debug_str     0x0000000000003a96     0x138b /home/kapoagaeming/spacemit-image-builder/components/Build/Milk-V-Jupiter/RELEASE_GCC5/RISCV64/MdePkg/Library/UefiBootServicesTableLib/UefiBootServicesTableLib/OUTPUT/UefiBootServicesTableLib.lib(UefiBootServicesTableLib.obj)
 .debug_str     0x0000000000003a96      0xf82 /home/kapoagaeming/spacemit-image-builder/components/Build/Milk-V-Jupiter/RELEASE_GCC5/RISCV64/MdePkg/Library/UefiMemoryAllocationLib/UefiMemoryAllocationLib/OUTPUT/UefiMemoryAllocationLib.lib(MemoryAllocationLib.obj)
 .debug_str     0x0000000000003a96     0x1381 /home/kapoagaeming/spacemit-image-builder/components/Build/Milk-V-Jupiter/RELEASE_GCC5/RISCV64/MdePkg/Library/UefiRuntimeServicesTableLib/UefiRuntimeServicesTableLib/OUTPUT/UefiRuntimeServicesTableLib.lib(UefiRuntimeServicesTableLib.obj)
 .debug_str     0x0000000000003a96     0x1a2d /home/kapoagaeming/spacemit-image-builder/components/Build/Milk-V-Jupiter/RELEASE_GCC5/RISCV64/MdePkg/Library/UefiDevicePathLibDevicePathProtocol/UefiDevicePathLibDevicePathProtocol/OUTPUT/UefiDevicePathLibDevicePathProtocol.lib(UefiDevicePathLib.obj)
 .debug_str     0x0000000000003a96     0x1c1c /home/kapoagaeming/spacemit-image-builder/components/Build/Milk-V-Jupiter/RELEASE_GCC5/RISCV64/MdePkg/Library/UefiLib/UefiLib/OUTPUT/UefiLib.lib(UefiLib.obj)
 .debug_str     0x0000000000003a96      0x48e /home/kapoagaeming/spacemit-image-builder/components/Build/Milk-V-Jupiter/RELEASE_GCC5/RISCV64/MdePkg/Library/BaseSerialPortLibRiscVSbiLib/BaseSerialPortLibRiscVSbiLibRam/OUTPUT/BaseSerialPortLibRiscVSbiLibRam.lib(BaseSerialPortLibRiscVSbiLibRam.obj)
 .debug_str     0x0000000000003a96      0x2ca /home/kapoagaeming/spacemit-image-builder/components/Build/Milk-V-Jupiter/RELEASE_GCC5/RISCV64/MdePkg/Library/BaseSerialPortLibRiscVSbiLib/BaseSerialPortLibRiscVSbiLibRam/OUTPUT/BaseSerialPortLibRiscVSbiLibRam.lib(Common.obj)
 .debug_str     0x0000000000003a96      0x3e9 /home/kapoagaeming/spacemit-image-builder/components/Build/Milk-V-Jupiter/RELEASE_GCC5/RISCV64/MdePkg/Library/BaseRiscVSbiLib/BaseRiscVSbiLib/OUTPUT/BaseRiscVSbiLib.lib(BaseRiscVSbiLib.obj)

.debug_line_str
                0x0000000000000000     0x1d8e
 .debug_line_str
                0x0000000000000000     0x1d8e /home/kapoagaeming/spacemit-image-builder/components/Build/Milk-V-Jupiter/RELEASE_GCC5/RISCV64/MdePkg/Library/UefiDriverEntryPoint/UefiDriverEntryPoint/OUTPUT/UefiDriverEntryPoint.lib(DriverEntryPoint.obj)
                                        0x506 (size before relaxing)
 .debug_line_str
                0x0000000000001d8e      0x4bb /home/kapoagaeming/spacemit-image-builder/components/Build/Milk-V-Jupiter/RELEASE_GCC5/RISCV64/Silicon/Spacemit/Drivers/I2CMaster/Tlv_Eeprom/TlvEeprom/OUTPUT/TlvEeprom.lib(AutoGen.obj)
 .debug_line_str
                0x0000000000001d8e      0x640 /home/kapoagaeming/spacemit-image-builder/components/Build/Milk-V-Jupiter/RELEASE_GCC5/RISCV64/Silicon/Spacemit/Drivers/I2CMaster/Tlv_Eeprom/TlvEeprom/OUTPUT/TlvEeprom.lib(TlvEeprom.obj)
 .debug_line_str
                0x0000000000001d8e      0x220 /home/kapoagaeming/spacemit-image-builder/components/Build/Milk-V-Jupiter/RELEASE_GCC5/RISCV64/MdePkg/Library/BaseLib/BaseLib/OUTPUT/BaseLib.lib(CheckSum.obj)
 .debug_line_str
                0x0000000000001d8e      0x229 /home/kapoagaeming/spacemit-image-builder/components/Build/Milk-V-Jupiter/RELEASE_GCC5/RISCV64/MdePkg/Library/BaseLib/BaseLib/OUTPUT/BaseLib.lib(SwapBytes16.obj)
 .debug_line_str
                0x0000000000001d8e      0x382 /home/kapoagaeming/spacemit-image-builder/components/Build/Milk-V-Jupiter/RELEASE_GCC5/RISCV64/MdePkg/Library/BaseLib/BaseLib/OUTPUT/BaseLib.lib(SafeString.obj)
 .debug_line_str
                0x0000000000001d8e      0x353 /home/kapoagaeming/spacemit-image-builder/components/Build/Milk-V-Jupiter/RELEASE_GCC5/RISCV64/MdePkg/Library/BaseLib/BaseLib/OUTPUT/BaseLib.lib(String.obj)
 .debug_line_str
                0x0000000000001d8e      0x236 /home/kapoagaeming/spacemit-image-builder/components/Build/Milk-V-Jupiter/RELEASE_GCC5/RISCV64/MdePkg/Library/BaseLib/BaseLib/OUTPUT/BaseLib.lib(LShiftU64.obj)
 .debug_line_str
                0x0000000000001d8e      0x275 /home/kapoagaeming/spacemit-image-builder/components/Build/Milk-V-Jupiter/RELEASE_GCC5/RISCV64/MdePkg/Library/BaseLib/BaseLib/OUTPUT/BaseLib.lib(Math64.obj)
 .debug_line_str
                0x0000000000001d8e      0x268 /home/kapoagaeming/spacemit-image-builder/components/Build/Milk-V-Jupiter/RELEASE_GCC5/RISCV64/MdePkg/Library/BaseMemoryLib/BaseMemoryLib/OUTPUT/BaseMemoryLib.lib(ZeroMemWrapper.obj)
 .debug_line_str
                0x0000000000001d8e      0x268 /home/kapoagaeming/spacemit-image-builder/components/Build/Milk-V-Jupiter/RELEASE_GCC5/RISCV64/MdePkg/Library/BaseMemoryLib/BaseMemoryLib/OUTPUT/BaseMemoryLib.lib(CopyMemWrapper.obj)
 .debug_line_str
                0x0000000000001d8e      0x265 /home/kapoagaeming/spacemit-image-builder/components/Build/Milk-V-Jupiter/RELEASE_GCC5/RISCV64/MdePkg/Library/BaseMemoryLib/BaseMemoryLib/OUTPUT/BaseMemoryLib.lib(MemLibGeneric.obj)
 .debug_line_str
                0x0000000000001d8e      0x241 /home/kapoagaeming/spacemit-image-builder/components/Build/Milk-V-Jupiter/RELEASE_GCC5/RISCV64/MdePkg/Library/BaseMemoryLib/BaseMemoryLib/OUTPUT/BaseMemoryLib.lib(CopyMem.obj)
 .debug_line_str
                0x0000000000001d8e      0x299 /home/kapoagaeming/spacemit-image-builder/components/Build/Milk-V-Jupiter/RELEASE_GCC5/RISCV64/MdePkg/Library/BaseMemoryLib/BaseMemoryLib/OUTPUT/BaseMemoryLib.lib(SetMem.obj)
 .debug_line_str
                0x0000000000001d8e      0x416 /home/kapoagaeming/spacemit-image-builder/components/Build/Milk-V-Jupiter/RELEASE_GCC5/RISCV64/MdePkg/Library/BaseDebugLibSerialPort/BaseDebugLibSerialPort/OUTPUT/BaseDebugLibSerialPort.lib(DebugLib.obj)
 .debug_line_str
                0x0000000000001d8e      0x469 /home/kapoagaeming/spacemit-image-builder/components/Build/Milk-V-Jupiter/RELEASE_GCC5/RISCV64/MdePkg/Library/UefiBootServicesTableLib/UefiBootServicesTableLib/OUTPUT/UefiBootServicesTableLib.lib(UefiBootServicesTableLib.obj)
 .debug_line_str
                0x0000000000001d8e      0x445 /home/kapoagaeming/spacemit-image-builder/components/Build/Milk-V-Jupiter/RELEASE_GCC5/RISCV64/MdePkg/Library/UefiMemoryAllocationLib/UefiMemoryAllocationLib/OUTPUT/UefiMemoryAllocationLib.lib(MemoryAllocationLib.obj)
 .debug_line_str
                0x0000000000001d8e      0x418 /home/kapoagaeming/spacemit-image-builder/components/Build/Milk-V-Jupiter/RELEASE_GCC5/RISCV64/MdePkg/Library/UefiRuntimeServicesTableLib/UefiRuntimeServicesTableLib/OUTPUT/UefiRuntimeServicesTableLib.lib(UefiRuntimeServicesTableLib.obj)
 .debug_line_str
                0x0000000000001d8e      0x5ca /home/kapoagaeming/spacemit-image-builder/components/Build/Milk-V-Jupiter/RELEASE_GCC5/RISCV64/MdePkg/Library/UefiDevicePathLibDevicePathProtocol/UefiDevicePathLibDevicePathProtocol/OUTPUT/UefiDevicePathLibDevicePathProtocol.lib(UefiDevicePathLib.obj)
 .debug_line_str
                0x0000000000001d8e      0x4d9 /home/kapoagaeming/spacemit-image-builder/components/Build/Milk-V-Jupiter/RELEASE_GCC5/RISCV64/MdePkg/Library/UefiLib/UefiLib/OUTPUT/UefiLib.lib(UefiLib.obj)
 .debug_line_str
                0x0000000000001d8e      0x45f /home/kapoagaeming/spacemit-image-builder/components/Build/Milk-V-Jupiter/RELEASE_GCC5/RISCV64/MdePkg/Library/BaseSerialPortLibRiscVSbiLib/BaseSerialPortLibRiscVSbiLibRam/OUTPUT/BaseSerialPortLibRiscVSbiLibRam.lib(BaseSerialPortLibRiscVSbiLibRam.obj)
 .debug_line_str
                0x0000000000001d8e      0x3ae /home/kapoagaeming/spacemit-image-builder/components/Build/Milk-V-Jupiter/RELEASE_GCC5/RISCV64/MdePkg/Library/BaseSerialPortLibRiscVSbiLib/BaseSerialPortLibRiscVSbiLibRam/OUTPUT/BaseSerialPortLibRiscVSbiLibRam.lib(Common.obj)
 .debug_line_str
                0x0000000000001d8e      0x37f /home/kapoagaeming/spacemit-image-builder/components/Build/Milk-V-Jupiter/RELEASE_GCC5/RISCV64/MdePkg/Library/BaseRiscVSbiLib/BaseRiscVSbiLib/OUTPUT/BaseRiscVSbiLib.lib(BaseRiscVSbiLib.obj)

.debug_frame    0x0000000000000000     0x30e0
 .debug_frame   0x0000000000000000       0xa0 /home/kapoagaeming/spacemit-image-builder/components/Build/Milk-V-Jupiter/RELEASE_GCC5/RISCV64/MdePkg/Library/UefiDriverEntryPoint/UefiDriverEntryPoint/OUTPUT/UefiDriverEntryPoint.lib(DriverEntryPoint.obj)
 .debug_frame   0x00000000000000a0      0x100 /home/kapoagaeming/spacemit-image-builder/components/Build/Milk-V-Jupiter/RELEASE_GCC5/RISCV64/Silicon/Spacemit/Drivers/I2CMaster/Tlv_Eeprom/TlvEeprom/OUTPUT/TlvEeprom.lib(AutoGen.obj)
 .debug_frame   0x00000000000001a0      0x418 /home/kapoagaeming/spacemit-image-builder/components/Build/Milk-V-Jupiter/RELEASE_GCC5/RISCV64/Silicon/Spacemit/Drivers/I2CMaster/Tlv_Eeprom/TlvEeprom/OUTPUT/TlvEeprom.lib(TlvEeprom.obj)
 .debug_frame   0x00000000000005b8      0x250 /home/kapoagaeming/spacemit-image-builder/components/Build/Milk-V-Jupiter/RELEASE_GCC5/RISCV64/MdePkg/Library/BaseLib/BaseLib/OUTPUT/BaseLib.lib(CheckSum.obj)
 .debug_frame   0x0000000000000808       0x40 /home/kapoagaeming/spacemit-image-builder/components/Build/Milk-V-Jupiter/RELEASE_GCC5/RISCV64/MdePkg/Library/BaseLib/BaseLib/OUTPUT/BaseLib.lib(SwapBytes16.obj)
 .debug_frame   0x0000000000000848      0x6e0 /home/kapoagaeming/spacemit-image-builder/components/Build/Milk-V-Jupiter/RELEASE_GCC5/RISCV64/MdePkg/Library/BaseLib/BaseLib/OUTPUT/BaseLib.lib(SafeString.obj)
 .debug_frame   0x0000000000000f28      0x5e0 /home/kapoagaeming/spacemit-image-builder/components/Build/Milk-V-Jupiter/RELEASE_GCC5/RISCV64/MdePkg/Library/BaseLib/BaseLib/OUTPUT/BaseLib.lib(String.obj)
 .debug_frame   0x0000000000001508       0x40 /home/kapoagaeming/spacemit-image-builder/components/Build/Milk-V-Jupiter/RELEASE_GCC5/RISCV64/MdePkg/Library/BaseLib/BaseLib/OUTPUT/BaseLib.lib(LShiftU64.obj)
 .debug_frame   0x0000000000001548      0x280 /home/kapoagaeming/spacemit-image-builder/components/Build/Milk-V-Jupiter/RELEASE_GCC5/RISCV64/MdePkg/Library/BaseLib/BaseLib/OUTPUT/BaseLib.lib(Math64.obj)
 .debug_frame   0x00000000000017c8       0x40 /home/kapoagaeming/spacemit-image-builder/components/Build/Milk-V-Jupiter/RELEASE_GCC5/RISCV64/MdePkg/Library/BaseMemoryLib/BaseMemoryLib/OUTPUT/BaseMemoryLib.lib(ZeroMemWrapper.obj)
 .debug_frame   0x0000000000001808       0x40 /home/kapoagaeming/spacemit-image-builder/components/Build/Milk-V-Jupiter/RELEASE_GCC5/RISCV64/MdePkg/Library/BaseMemoryLib/BaseMemoryLib/OUTPUT/BaseMemoryLib.lib(CopyMemWrapper.obj)
 .debug_frame   0x0000000000001848      0x1f0 /home/kapoagaeming/spacemit-image-builder/components/Build/Milk-V-Jupiter/RELEASE_GCC5/RISCV64/MdePkg/Library/BaseMemoryLib/BaseMemoryLib/OUTPUT/BaseMemoryLib.lib(MemLibGeneric.obj)
 .debug_frame   0x0000000000001a38       0x40 /home/kapoagaeming/spacemit-image-builder/components/Build/Milk-V-Jupiter/RELEASE_GCC5/RISCV64/MdePkg/Library/BaseMemoryLib/BaseMemoryLib/OUTPUT/BaseMemoryLib.lib(CopyMem.obj)
 .debug_frame   0x0000000000001a78       0x40 /home/kapoagaeming/spacemit-image-builder/components/Build/Milk-V-Jupiter/RELEASE_GCC5/RISCV64/MdePkg/Library/BaseMemoryLib/BaseMemoryLib/OUTPUT/BaseMemoryLib.lib(SetMem.obj)
 .debug_frame   0x0000000000001ab8      0x260 /home/kapoagaeming/spacemit-image-builder/components/Build/Milk-V-Jupiter/RELEASE_GCC5/RISCV64/MdePkg/Library/BaseDebugLibSerialPort/BaseDebugLibSerialPort/OUTPUT/BaseDebugLibSerialPort.lib(DebugLib.obj)
 .debug_frame   0x0000000000001d18       0x40 /home/kapoagaeming/spacemit-image-builder/components/Build/Milk-V-Jupiter/RELEASE_GCC5/RISCV64/MdePkg/Library/UefiBootServicesTableLib/UefiBootServicesTableLib/OUTPUT/UefiBootServicesTableLib.lib(UefiBootServicesTableLib.obj)
 .debug_frame   0x0000000000001d58      0x520 /home/kapoagaeming/spacemit-image-builder/components/Build/Milk-V-Jupiter/RELEASE_GCC5/RISCV64/MdePkg/Library/UefiMemoryAllocationLib/UefiMemoryAllocationLib/OUTPUT/UefiMemoryAllocationLib.lib(MemoryAllocationLib.obj)
 .debug_frame   0x0000000000002278       0x40 /home/kapoagaeming/spacemit-image-builder/components/Build/Milk-V-Jupiter/RELEASE_GCC5/RISCV64/MdePkg/Library/UefiRuntimeServicesTableLib/UefiRuntimeServicesTableLib/OUTPUT/UefiRuntimeServicesTableLib.lib(UefiRuntimeServicesTableLib.obj)
 .debug_frame   0x00000000000022b8      0x4f0 /home/kapoagaeming/spacemit-image-builder/components/Build/Milk-V-Jupiter/RELEASE_GCC5/RISCV64/MdePkg/Library/UefiDevicePathLibDevicePathProtocol/UefiDevicePathLibDevicePathProtocol/OUTPUT/UefiDevicePathLibDevicePathProtocol.lib(UefiDevicePathLib.obj)
 .debug_frame   0x00000000000027a8      0x538 /home/kapoagaeming/spacemit-image-builder/components/Build/Milk-V-Jupiter/RELEASE_GCC5/RISCV64/MdePkg/Library/UefiLib/UefiLib/OUTPUT/UefiLib.lib(UefiLib.obj)
 .debug_frame   0x0000000000002ce0      0x190 /home/kapoagaeming/spacemit-image-builder/components/Build/Milk-V-Jupiter/RELEASE_GCC5/RISCV64/MdePkg/Library/BaseSerialPortLibRiscVSbiLib/BaseSerialPortLibRiscVSbiLibRam/OUTPUT/BaseSerialPortLibRiscVSbiLibRam.lib(BaseSerialPortLibRiscVSbiLibRam.obj)
 .debug_frame   0x0000000000002e70       0xd0 /home/kapoagaeming/spacemit-image-builder/components/Build/Milk-V-Jupiter/RELEASE_GCC5/RISCV64/MdePkg/Library/BaseSerialPortLibRiscVSbiLib/BaseSerialPortLibRiscVSbiLibRam/OUTPUT/BaseSerialPortLibRiscVSbiLibRam.lib(Common.obj)
 .debug_frame   0x0000000000002f40      0x1a0 /home/kapoagaeming/spacemit-image-builder/components/Build/Milk-V-Jupiter/RELEASE_GCC5/RISCV64/MdePkg/Library/BaseRiscVSbiLib/BaseRiscVSbiLib/OUTPUT/BaseRiscVSbiLib.lib(BaseRiscVSbiLib.obj)
